INFO: [VRFC 10-163] Analyzing VHDL file "E:/dvs_project_u16/dvs_bypass_pack/dvs_bypass_pack.sim/sim_1/impl/func/xsim/grayscale_filter_func_impl.vhd" into library xil_defaultlib
INFO: [VRFC 10-3107] analyzing entity 'dmem'
INFO: [VRFC 10-3107] analyzing entity 'dmem_13'
INFO: [VRFC 10-3107] analyzing entity 'ltlib_v1_0_3_bscan'
INFO: [VRFC 10-3107] analyzing entity 'ltlib_v1_0_3_generic_mux'
INFO: [VRFC 10-3107] analyzing entity 'rd_bin_cntr'
INFO: [VRFC 10-3107] analyzing entity 'rd_bin_cntr_18'
INFO: [VRFC 10-3107] analyzing entity 'rd_fwft'
INFO: [VRFC 10-3107] analyzing entity 'rd_handshaking_flags'
INFO: [VRFC 10-3107] analyzing entity '\rd_handshaking_flags__parameterized0\'
INFO: [VRFC 10-3107] analyzing entity 'rd_status_flags_as'
INFO: [VRFC 10-3107] analyzing entity 'rd_status_flags_as_17'
INFO: [VRFC 10-3107] analyzing entity 'synchronizer_ff'
INFO: [VRFC 10-3107] analyzing entity 'synchronizer_ff_1'
INFO: [VRFC 10-3107] analyzing entity 'synchronizer_ff_10'
INFO: [VRFC 10-3107] analyzing entity 'synchronizer_ff_11'
INFO: [VRFC 10-3107] analyzing entity 'synchronizer_ff_12'
INFO: [VRFC 10-3107] analyzing entity 'synchronizer_ff_2'
INFO: [VRFC 10-3107] analyzing entity 'synchronizer_ff_3'
INFO: [VRFC 10-3107] analyzing entity 'synchronizer_ff_9'
INFO: [VRFC 10-3107] analyzing entity '\synchronizer_ff__parameterized0\'
INFO: [VRFC 10-3107] analyzing entity '\synchronizer_ff__parameterized0_19\'
INFO: [VRFC 10-3107] analyzing entity '\synchronizer_ff__parameterized0_20\'
INFO: [VRFC 10-3107] analyzing entity '\synchronizer_ff__parameterized0_21\'
INFO: [VRFC 10-3107] analyzing entity '\synchronizer_ff__parameterized0_22\'
INFO: [VRFC 10-3107] analyzing entity '\synchronizer_ff__parameterized0_4\'
INFO: [VRFC 10-3107] analyzing entity '\synchronizer_ff__parameterized0_5\'
INFO: [VRFC 10-3107] analyzing entity '\synchronizer_ff__parameterized0_6\'
INFO: [VRFC 10-3107] analyzing entity 'wr_bin_cntr'
INFO: [VRFC 10-3107] analyzing entity 'wr_bin_cntr_16'
INFO: [VRFC 10-3107] analyzing entity 'wr_handshaking_flags'
INFO: [VRFC 10-3107] analyzing entity 'wr_handshaking_flags_15'
INFO: [VRFC 10-3107] analyzing entity 'wr_status_flags_as'
INFO: [VRFC 10-3107] analyzing entity 'wr_status_flags_as_14'
INFO: [VRFC 10-3107] analyzing entity 'xsdbm_v3_0_4_addr_ctl'
INFO: [VRFC 10-3107] analyzing entity 'xsdbm_v3_0_4_bscan_switch'
INFO: [VRFC 10-3107] analyzing entity 'xsdbm_v3_0_4_burst_wdlen_ctl'
INFO: [VRFC 10-3107] analyzing entity 'xsdbm_v3_0_4_bus_ctl_cnt'
INFO: [VRFC 10-3107] analyzing entity 'xsdbm_v3_0_4_bus_ctl_flg'
INFO: [VRFC 10-3107] analyzing entity '\xsdbm_v3_0_4_bus_ctl_flg__parameterized0\'
INFO: [VRFC 10-3107] analyzing entity 'xsdbm_v3_0_4_cmd_decode'
INFO: [VRFC 10-3107] analyzing entity 'xsdbm_v3_0_4_ctl_reg'
INFO: [VRFC 10-3107] analyzing entity '\xsdbm_v3_0_4_ctl_reg__parameterized0\'
INFO: [VRFC 10-3107] analyzing entity '\xsdbm_v3_0_4_ctl_reg__parameterized1\'
INFO: [VRFC 10-3107] analyzing entity '\xsdbm_v3_0_4_ctl_reg__parameterized2\'
INFO: [VRFC 10-3107] analyzing entity 'xsdbm_v3_0_4_if_static_status'
INFO: [VRFC 10-3107] analyzing entity 'xsdbm_v3_0_4_stat'
INFO: [VRFC 10-3107] analyzing entity 'xsdbm_v3_0_4_stat_reg'
INFO: [VRFC 10-3107] analyzing entity '\xsdbm_v3_0_4_stat_reg__parameterized0\'
INFO: [VRFC 10-3107] analyzing entity '\xsdbm_v3_0_4_stat_reg__parameterized0_0\'
INFO: [VRFC 10-3107] analyzing entity 'xsdbm_v3_0_4_sync'
INFO: [VRFC 10-3107] analyzing entity 'axi_block_design_acc_image_filter_0_1_address_gen'
INFO: [VRFC 10-3107] analyzing entity 'axi_block_design_acc_image_filter_0_1_axi_control_gen'
INFO: [VRFC 10-3107] analyzing entity 'axi_block_design_acc_image_filter_0_1_axi_read_slave'
INFO: [VRFC 10-3107] analyzing entity 'axi_block_design_acc_image_filter_0_1_axi_stream_io_block'
INFO: [VRFC 10-3107] analyzing entity 'axi_block_design_acc_image_filter_0_1_axi_write_slave'
INFO: [VRFC 10-3107] analyzing entity 'axi_block_design_acc_image_filter_0_1_convolution_core'
INFO: [VRFC 10-3107] analyzing entity 'axi_block_design_acc_image_filter_0_1_coordinate_tracker'
INFO: [VRFC 10-3107] analyzing entity 'axi_block_design_acc_image_filter_0_1_filter_fsm'
INFO: [VRFC 10-3107] analyzing entity 'axi_block_design_acc_image_filter_0_1_params_loader'
INFO: [VRFC 10-3107] analyzing entity 'axi_block_design_acc_image_filter_0_1_pixel_packer'
INFO: [VRFC 10-3107] analyzing entity 'axi_block_design_acc_image_filter_0_1_register_file'
INFO: [VRFC 10-3107] analyzing entity 'axi_block_design_acc_image_filter_0_1_simple_dual_port_ram'
INFO: [VRFC 10-3107] analyzing entity 'axi_block_design_acc_image_filter_0_1_valid_delay_line'
INFO: [VRFC 10-3107] analyzing entity 'axi_block_design_acc_image_filter_0_1_valid_delay_line_0'
INFO: [VRFC 10-3107] analyzing entity 'axi_block_design_acc_image_filter_0_1_window_engine'
INFO: [VRFC 10-3107] analyzing entity 'axi_block_design_axi_dma_0_1_axi_datamover_fifo'
INFO: [VRFC 10-3107] analyzing entity 'axi_block_design_axi_dma_0_1_axi_datamover_fifo_9'
INFO: [VRFC 10-3107] analyzing entity '\axi_block_design_axi_dma_0_1_axi_datamover_fifo__parameterized0\'
INFO: [VRFC 10-3107] analyzing entity '\axi_block_design_axi_dma_0_1_axi_datamover_fifo__parameterized4\'
INFO: [VRFC 10-3107] analyzing entity 'axi_block_design_axi_dma_0_1_axi_datamover_ibttcc'
INFO: [VRFC 10-3107] analyzing entity 'axi_block_design_axi_dma_0_1_axi_datamover_mssai_skid_buf'
INFO: [VRFC 10-3107] analyzing entity 'axi_block_design_axi_dma_0_1_axi_datamover_rd_status_cntl'
INFO: [VRFC 10-3107] analyzing entity 'axi_block_design_axi_dma_0_1_axi_datamover_reset'
INFO: [VRFC 10-3107] analyzing entity 'axi_block_design_axi_dma_0_1_axi_datamover_reset_8'
INFO: [VRFC 10-3107] analyzing entity 'axi_block_design_axi_dma_0_1_axi_datamover_skid2mm_buf'
INFO: [VRFC 10-3107] analyzing entity 'axi_block_design_axi_dma_0_1_axi_datamover_skid_buf'
INFO: [VRFC 10-3107] analyzing entity '\axi_block_design_axi_dma_0_1_axi_datamover_skid_buf__parameterized0\'
INFO: [VRFC 10-3107] analyzing entity '\axi_block_design_axi_dma_0_1_axi_datamover_skid_buf__parameterized1\'
INFO: [VRFC 10-3107] analyzing entity 'axi_block_design_axi_dma_0_1_axi_datamover_slice'
INFO: [VRFC 10-3107] analyzing entity 'axi_block_design_axi_dma_0_1_axi_datamover_strb_gen2'
INFO: [VRFC 10-3107] analyzing entity 'axi_block_design_axi_dma_0_1_axi_datamover_v5_1_37_srl_fifo'
INFO: [VRFC 10-3107] analyzing entity 'axi_block_design_axi_dma_0_1_axi_datamover_v5_1_37_srl_fifo_11'
INFO: [VRFC 10-3107] analyzing entity '\axi_block_design_axi_dma_0_1_axi_datamover_v5_1_37_srl_fifo__parameterized0\'
INFO: [VRFC 10-3107] analyzing entity '\axi_block_design_axi_dma_0_1_axi_datamover_v5_1_37_srl_fifo__parameterized1\'
INFO: [VRFC 10-3107] analyzing entity '\axi_block_design_axi_dma_0_1_axi_datamover_v5_1_37_srl_fifo__parameterized2\'
INFO: [VRFC 10-3107] analyzing entity '\axi_block_design_axi_dma_0_1_axi_datamover_v5_1_37_srl_fifo__parameterized3\'
INFO: [VRFC 10-3107] analyzing entity '\axi_block_design_axi_dma_0_1_axi_datamover_v5_1_37_srl_fifo__parameterized4\'
INFO: [VRFC 10-3107] analyzing entity '\axi_block_design_axi_dma_0_1_axi_datamover_v5_1_37_srl_fifo__parameterized5\'
INFO: [VRFC 10-3107] analyzing entity '\axi_block_design_axi_dma_0_1_axi_datamover_v5_1_37_srl_fifo__parameterized6\'
INFO: [VRFC 10-3107] analyzing entity 'axi_block_design_axi_dma_0_1_axi_dma_lite_if'
INFO: [VRFC 10-3107] analyzing entity 'axi_block_design_axi_dma_0_1_axi_dma_mm2s_cmdsts_if'
INFO: [VRFC 10-3107] analyzing entity 'axi_block_design_axi_dma_0_1_axi_dma_mm2s_sts_mngr'
INFO: [VRFC 10-3107] analyzing entity 'axi_block_design_axi_dma_0_1_axi_dma_register'
INFO: [VRFC 10-3107] analyzing entity 'axi_block_design_axi_dma_0_1_axi_dma_register_s2mm'
INFO: [VRFC 10-3107] analyzing entity 'axi_block_design_axi_dma_0_1_axi_dma_reset'
INFO: [VRFC 10-3107] analyzing entity 'axi_block_design_axi_dma_0_1_axi_dma_reset_1'
INFO: [VRFC 10-3107] analyzing entity 'axi_block_design_axi_dma_0_1_axi_dma_s2mm_cmdsts_if'
INFO: [VRFC 10-3107] analyzing entity 'axi_block_design_axi_dma_0_1_axi_dma_s2mm_sts_mngr'
INFO: [VRFC 10-3107] analyzing entity 'axi_block_design_axi_dma_0_1_axi_dma_smple_sm'
INFO: [VRFC 10-3107] analyzing entity 'axi_block_design_axi_dma_0_1_axi_dma_smple_sm_19'
INFO: [VRFC 10-3107] analyzing entity 'axi_block_design_axi_dma_0_1_xpm_cdc_sync_rst'
INFO: [VRFC 10-3107] analyzing entity '\axi_block_design_axi_dma_0_1_xpm_cdc_sync_rst__1\'
INFO: [VRFC 10-3107] analyzing entity '\axi_block_design_axi_dma_0_1_xpm_counter_updn__parameterized1\'
INFO: [VRFC 10-3107] analyzing entity '\axi_block_design_axi_dma_0_1_xpm_counter_updn__parameterized1_12\'
INFO: [VRFC 10-3107] analyzing entity '\axi_block_design_axi_dma_0_1_xpm_counter_updn__parameterized2\'
INFO: [VRFC 10-3107] analyzing entity '\axi_block_design_axi_dma_0_1_xpm_counter_updn__parameterized2_13\'
INFO: [VRFC 10-3107] analyzing entity '\axi_block_design_axi_dma_0_1_xpm_counter_updn__parameterized2_16\'
INFO: [VRFC 10-3107] analyzing entity '\axi_block_design_axi_dma_0_1_xpm_counter_updn__parameterized2_5\'
INFO: [VRFC 10-3107] analyzing entity '\axi_block_design_axi_dma_0_1_xpm_counter_updn__parameterized3\'
INFO: [VRFC 10-3107] analyzing entity '\axi_block_design_axi_dma_0_1_xpm_counter_updn__parameterized3_14\'
INFO: [VRFC 10-3107] analyzing entity '\axi_block_design_axi_dma_0_1_xpm_counter_updn__parameterized3_17\'
INFO: [VRFC 10-3107] analyzing entity '\axi_block_design_axi_dma_0_1_xpm_counter_updn__parameterized3_6\'
INFO: [VRFC 10-3107] analyzing entity '\axi_block_design_axi_dma_0_1_xpm_counter_updn__parameterized6\'
INFO: [VRFC 10-3107] analyzing entity '\axi_block_design_axi_dma_0_1_xpm_counter_updn__parameterized6_2\'
INFO: [VRFC 10-3107] analyzing entity '\axi_block_design_axi_dma_0_1_xpm_counter_updn__parameterized7\'
INFO: [VRFC 10-3107] analyzing entity '\axi_block_design_axi_dma_0_1_xpm_counter_updn__parameterized7_3\'
INFO: [VRFC 10-3107] analyzing entity 'axi_block_design_axi_dma_0_1_xpm_fifo_reg_bit'
INFO: [VRFC 10-3107] analyzing entity 'axi_block_design_axi_dma_0_1_xpm_fifo_reg_bit_15'
INFO: [VRFC 10-3107] analyzing entity 'axi_block_design_axi_dma_0_1_xpm_fifo_reg_bit_4'
INFO: [VRFC 10-3107] analyzing entity 'axi_block_design_axi_dma_0_1_xpm_fifo_rst'
INFO: [VRFC 10-3107] analyzing entity 'axi_block_design_axi_dma_0_1_xpm_fifo_rst_18'
INFO: [VRFC 10-3107] analyzing entity 'axi_block_design_axi_dma_0_1_xpm_fifo_rst_7'
INFO: [VRFC 10-3107] analyzing entity 'axi_block_design_axi_dma_0_1_xpm_memory_base'
INFO: [VRFC 10-3107] analyzing entity '\axi_block_design_axi_dma_0_1_xpm_memory_base__parameterized0\'
INFO: [VRFC 10-3107] analyzing entity '\axi_block_design_axi_dma_0_1_xpm_memory_base__parameterized1\'
INFO: [VRFC 10-3107] analyzing entity 'axi_block_design_axi_mem_intercon_imp_auto_pc_0_axi_protocol_converter_v2_1_36_r_axi3_conv'
INFO: [VRFC 10-3107] analyzing entity 'axi_block_design_axi_mem_intercon_imp_auto_pc_0_xpm_cdc_async_rst'
INFO: [VRFC 10-3107] analyzing entity 'axi_block_design_axi_mem_intercon_imp_auto_pc_1_axi_protocol_converter_v2_1_36_b_downsizer'
INFO: [VRFC 10-3107] analyzing entity 'axi_block_design_axi_mem_intercon_imp_auto_pc_1_axi_protocol_converter_v2_1_36_w_axi3_conv'
INFO: [VRFC 10-3107] analyzing entity 'axi_block_design_axi_mem_intercon_imp_auto_pc_1_xpm_cdc_async_rst'
INFO: [VRFC 10-3107] analyzing entity '\axi_block_design_axi_mem_intercon_imp_auto_pc_1_xpm_cdc_async_rst__2\'
INFO: [VRFC 10-3107] analyzing entity 'axi_block_design_axi_mem_intercon_imp_auto_us_0_axi_dwidth_converter_v2_1_36_r_upsizer'
INFO: [VRFC 10-3107] analyzing entity '\axi_block_design_axi_mem_intercon_imp_auto_us_0_axi_register_slice_v2_1_35_axic_register_slice__parameterized2\'
INFO: [VRFC 10-3107] analyzing entity '\axi_block_design_axi_mem_intercon_imp_auto_us_0_axi_register_slice_v2_1_35_axic_register_slice__parameterized5\'
INFO: [VRFC 10-3107] analyzing entity 'axi_block_design_axi_mem_intercon_imp_auto_us_0_generic_baseblocks_v2_1_2_command_fifo'
INFO: [VRFC 10-3107] analyzing entity 'axi_block_design_axi_mem_intercon_imp_auto_us_1_axi_dwidth_converter_v2_1_36_w_upsizer'
INFO: [VRFC 10-3107] analyzing entity 'axi_block_design_axi_mem_intercon_imp_auto_us_1_axi_register_slice_v2_1_35_axic_register_slice'
INFO: [VRFC 10-3107] analyzing entity 'axi_block_design_axi_mem_intercon_imp_auto_us_1_generic_baseblocks_v2_1_2_command_fifo'
INFO: [VRFC 10-3107] analyzing entity 'axi_block_design_axi_mem_intercon_imp_xbar_1_axi_crossbar_v2_1_37_addr_arbiter'
INFO: [VRFC 10-3107] analyzing entity 'axi_block_design_axi_mem_intercon_imp_xbar_1_axi_crossbar_v2_1_37_addr_arbiter_0'
INFO: [VRFC 10-3107] analyzing entity 'axi_block_design_axi_mem_intercon_imp_xbar_1_axi_crossbar_v2_1_37_decerr_slave'
INFO: [VRFC 10-3107] analyzing entity 'axi_block_design_axi_mem_intercon_imp_xbar_1_axi_crossbar_v2_1_37_si_transactor'
INFO: [VRFC 10-3107] analyzing entity '\axi_block_design_axi_mem_intercon_imp_xbar_1_axi_crossbar_v2_1_37_si_transactor__parameterized0\'
INFO: [VRFC 10-3107] analyzing entity 'axi_block_design_axi_mem_intercon_imp_xbar_1_axi_crossbar_v2_1_37_splitter'
INFO: [VRFC 10-3107] analyzing entity 'axi_block_design_axi_mem_intercon_imp_xbar_1_axi_crossbar_v2_1_37_splitter_2'
INFO: [VRFC 10-3107] analyzing entity '\axi_block_design_axi_mem_intercon_imp_xbar_1_axi_data_fifo_v2_1_35_ndeep_srl__parameterized0\'
INFO: [VRFC 10-3107] analyzing entity '\axi_block_design_axi_mem_intercon_imp_xbar_1_axi_data_fifo_v2_1_35_ndeep_srl__parameterized1\'
INFO: [VRFC 10-3107] analyzing entity '\axi_block_design_axi_mem_intercon_imp_xbar_1_axi_data_fifo_v2_1_35_ndeep_srl__parameterized2\'
INFO: [VRFC 10-3107] analyzing entity '\axi_block_design_axi_mem_intercon_imp_xbar_1_axi_register_slice_v2_1_35_axic_register_slice__parameterized1\'
INFO: [VRFC 10-3107] analyzing entity '\axi_block_design_axi_mem_intercon_imp_xbar_1_axi_register_slice_v2_1_35_axic_register_slice__parameterized1_3\'
INFO: [VRFC 10-3107] analyzing entity '\axi_block_design_axi_mem_intercon_imp_xbar_1_axi_register_slice_v2_1_35_axic_register_slice__parameterized2\'
INFO: [VRFC 10-3107] analyzing entity '\axi_block_design_axi_mem_intercon_imp_xbar_1_axi_register_slice_v2_1_35_axic_register_slice__parameterized2_4\'
INFO: [VRFC 10-3107] analyzing entity 'axi_block_design_axi_smc_1_upcnt_n'
INFO: [VRFC 10-3107] analyzing entity '\axi_block_design_axi_smc_1_xpm_cdc_async_rst__12\'
INFO: [VRFC 10-3107] analyzing entity '\axi_block_design_axi_smc_1_xpm_cdc_async_rst__13\'
INFO: [VRFC 10-3107] analyzing entity '\axi_block_design_axi_smc_1_xpm_cdc_async_rst__15\'
INFO: [VRFC 10-3107] analyzing entity '\axi_block_design_axi_smc_1_xpm_cdc_async_rst__17\'
INFO: [VRFC 10-3107] analyzing entity '\axi_block_design_axi_smc_1_xpm_cdc_async_rst__19\'
INFO: [VRFC 10-3107] analyzing entity '\axi_block_design_axi_smc_1_xpm_cdc_async_rst__21\'
INFO: [VRFC 10-3107] analyzing entity '\axi_block_design_axi_smc_1_xpm_cdc_async_rst__23\'
INFO: [VRFC 10-3107] analyzing entity '\axi_block_design_axi_smc_1_xpm_cdc_async_rst__24\'
INFO: [VRFC 10-3107] analyzing entity '\axi_block_design_axi_smc_1_xpm_cdc_async_rst__26\'
INFO: [VRFC 10-3107] analyzing entity '\axi_block_design_axi_smc_1_xpm_cdc_async_rst__28\'
INFO: [VRFC 10-3107] analyzing entity '\axi_block_design_axi_smc_1_xpm_cdc_async_rst__30\'
INFO: [VRFC 10-3107] analyzing entity '\axi_block_design_axi_smc_1_xpm_cdc_async_rst__32\'
INFO: [VRFC 10-3107] analyzing entity '\axi_block_design_axi_smc_1_xpm_cdc_async_rst__34\'
INFO: [VRFC 10-3107] analyzing entity '\axi_block_design_axi_smc_1_xpm_cdc_async_rst__35\'
INFO: [VRFC 10-3107] analyzing entity '\axi_block_design_axi_smc_1_xpm_cdc_async_rst__37\'
INFO: [VRFC 10-3107] analyzing entity '\axi_block_design_axi_smc_1_xpm_cdc_async_rst__39\'
INFO: [VRFC 10-3107] analyzing entity '\axi_block_design_axi_smc_1_xpm_cdc_async_rst__41\'
INFO: [VRFC 10-3107] analyzing entity '\axi_block_design_axi_smc_1_xpm_cdc_async_rst__43\'
INFO: [VRFC 10-3107] analyzing entity '\axi_block_design_axi_smc_1_xpm_cdc_async_rst__45\'
INFO: [VRFC 10-3107] analyzing entity '\axi_block_design_axi_smc_1_xpm_cdc_async_rst__46\'
INFO: [VRFC 10-3107] analyzing entity '\axi_block_design_axi_smc_1_xpm_cdc_async_rst__47\'
INFO: [VRFC 10-3107] analyzing entity '\axi_block_design_axi_smc_1_xpm_cdc_async_rst__48\'
INFO: [VRFC 10-3107] analyzing entity '\axi_block_design_axi_smc_1_xpm_cdc_async_rst__50\'
INFO: [VRFC 10-3107] analyzing entity '\axi_block_design_axi_smc_1_xpm_cdc_async_rst__52\'
INFO: [VRFC 10-3107] analyzing entity '\axi_block_design_axi_smc_1_xpm_cdc_async_rst__54\'
INFO: [VRFC 10-3107] analyzing entity '\axi_block_design_axi_smc_1_xpm_cdc_async_rst__56\'
INFO: [VRFC 10-3107] analyzing entity '\axi_block_design_axi_smc_1_xpm_cdc_async_rst__58\'
INFO: [VRFC 10-3107] analyzing entity '\axi_block_design_axi_smc_1_xpm_cdc_async_rst__60\'
INFO: [VRFC 10-3107] analyzing entity '\axi_block_design_axi_smc_1_xpm_cdc_async_rst__62\'
INFO: [VRFC 10-3107] analyzing entity '\axi_block_design_axi_smc_1_xpm_cdc_async_rst__64\'
INFO: [VRFC 10-3107] analyzing entity '\axi_block_design_axi_smc_1_xpm_cdc_async_rst__66\'
INFO: [VRFC 10-3107] analyzing entity 'axi_block_design_axi_smc_1_xpm_cdc_single'
INFO: [VRFC 10-3107] analyzing entity '\axi_block_design_axi_smc_1_xpm_cdc_single__1\'
INFO: [VRFC 10-3107] analyzing entity 'axi_block_design_axi_timer_0_1_counter_f'
INFO: [VRFC 10-3107] analyzing entity 'axi_block_design_axi_timer_0_1_mux_onehot_f'
INFO: [VRFC 10-3107] analyzing entity 'axi_block_design_axi_timer_0_1_pselect_f'
INFO: [VRFC 10-3107] analyzing entity '\axi_block_design_axi_timer_0_1_pselect_f__parameterized1\'
INFO: [VRFC 10-3107] analyzing entity '\axi_block_design_axi_timer_0_1_pselect_f__parameterized3\'
INFO: [VRFC 10-3107] analyzing entity '\axi_block_design_axi_timer_0_1_pselect_f__parameterized4\'
INFO: [VRFC 10-3107] analyzing entity '\axi_block_design_axi_timer_0_1_pselect_f__parameterized5\'
INFO: [VRFC 10-3107] analyzing entity '\axi_block_design_axi_timer_0_1_pselect_f__parameterized6\'
INFO: [VRFC 10-3107] analyzing entity 'axi_block_design_axi_timer_0_1_xpm_cdc_single'
INFO: [VRFC 10-3107] analyzing entity '\axi_block_design_axi_timer_0_1_xpm_cdc_single__1\'
INFO: [VRFC 10-3107] analyzing entity '\axi_block_design_axi_timer_0_1_xpm_cdc_single__2\'
INFO: [VRFC 10-3107] analyzing entity 'axi_block_design_processing_system7_0_1_processing_system7_v5_5_processing_system7'
INFO: [VRFC 10-3107] analyzing entity 'axi_block_design_rst_ps7_0_100M_1_upcnt_n'
INFO: [VRFC 10-3107] analyzing entity 'axi_block_design_rst_ps7_0_100M_1_xpm_cdc_single'
INFO: [VRFC 10-3107] analyzing entity '\axi_block_design_rst_ps7_0_100M_1_xpm_cdc_single__1\'
INFO: [VRFC 10-3107] analyzing entity 'axi_block_design_xlconcat_0_2'
INFO: [VRFC 10-3107] analyzing entity 'u_ila_0_blk_mem_gen_v8_4_11_blk_mem_gen_prim_wrapper'
INFO: [VRFC 10-3107] analyzing entity '\u_ila_0_blk_mem_gen_v8_4_11_blk_mem_gen_prim_wrapper__parameterized0\'
INFO: [VRFC 10-3107] analyzing entity 'u_ila_0_ltlib_v1_0_3_all_typeA_slice'
INFO: [VRFC 10-3107] analyzing entity 'u_ila_0_ltlib_v1_0_3_all_typeA_slice_36'
INFO: [VRFC 10-3107] analyzing entity 'u_ila_0_ltlib_v1_0_3_all_typeA_slice_51'
INFO: [VRFC 10-3107] analyzing entity 'u_ila_0_ltlib_v1_0_3_all_typeA_slice_55'
INFO: [VRFC 10-3107] analyzing entity 'u_ila_0_ltlib_v1_0_3_all_typeA_slice_59'
INFO: [VRFC 10-3107] analyzing entity 'u_ila_0_ltlib_v1_0_3_all_typeA_slice_63'
INFO: [VRFC 10-3107] analyzing entity 'u_ila_0_ltlib_v1_0_3_all_typeA_slice_65'
INFO: [VRFC 10-3107] analyzing entity 'u_ila_0_ltlib_v1_0_3_all_typeA_slice_66'
INFO: [VRFC 10-3107] analyzing entity 'u_ila_0_ltlib_v1_0_3_all_typeA_slice_70'
INFO: [VRFC 10-3107] analyzing entity 'u_ila_0_ltlib_v1_0_3_all_typeA_slice_71'
INFO: [VRFC 10-3107] analyzing entity '\u_ila_0_ltlib_v1_0_3_all_typeA_slice__parameterized0\'
INFO: [VRFC 10-3107] analyzing entity '\u_ila_0_ltlib_v1_0_3_all_typeA_slice__parameterized0_11\'
INFO: [VRFC 10-3107] analyzing entity '\u_ila_0_ltlib_v1_0_3_all_typeA_slice__parameterized0_14\'
INFO: [VRFC 10-3107] analyzing entity '\u_ila_0_ltlib_v1_0_3_all_typeA_slice__parameterized0_17\'
INFO: [VRFC 10-3107] analyzing entity '\u_ila_0_ltlib_v1_0_3_all_typeA_slice__parameterized0_2\'
INFO: [VRFC 10-3107] analyzing entity '\u_ila_0_ltlib_v1_0_3_all_typeA_slice__parameterized0_20\'
INFO: [VRFC 10-3107] analyzing entity '\u_ila_0_ltlib_v1_0_3_all_typeA_slice__parameterized0_23\'
INFO: [VRFC 10-3107] analyzing entity '\u_ila_0_ltlib_v1_0_3_all_typeA_slice__parameterized0_26\'
INFO: [VRFC 10-3107] analyzing entity '\u_ila_0_ltlib_v1_0_3_all_typeA_slice__parameterized0_29\'
INFO: [VRFC 10-3107] analyzing entity '\u_ila_0_ltlib_v1_0_3_all_typeA_slice__parameterized0_32\'
INFO: [VRFC 10-3107] analyzing entity '\u_ila_0_ltlib_v1_0_3_all_typeA_slice__parameterized0_33\'
INFO: [VRFC 10-3107] analyzing entity '\u_ila_0_ltlib_v1_0_3_all_typeA_slice__parameterized0_37\'
INFO: [VRFC 10-3107] analyzing entity '\u_ila_0_ltlib_v1_0_3_all_typeA_slice__parameterized0_39\'
INFO: [VRFC 10-3107] analyzing entity '\u_ila_0_ltlib_v1_0_3_all_typeA_slice__parameterized0_42\'
INFO: [VRFC 10-3107] analyzing entity '\u_ila_0_ltlib_v1_0_3_all_typeA_slice__parameterized0_45\'
INFO: [VRFC 10-3107] analyzing entity '\u_ila_0_ltlib_v1_0_3_all_typeA_slice__parameterized0_48\'
INFO: [VRFC 10-3107] analyzing entity '\u_ila_0_ltlib_v1_0_3_all_typeA_slice__parameterized0_5\'
INFO: [VRFC 10-3107] analyzing entity '\u_ila_0_ltlib_v1_0_3_all_typeA_slice__parameterized0_52\'
INFO: [VRFC 10-3107] analyzing entity '\u_ila_0_ltlib_v1_0_3_all_typeA_slice__parameterized0_56\'
INFO: [VRFC 10-3107] analyzing entity '\u_ila_0_ltlib_v1_0_3_all_typeA_slice__parameterized0_60\'
INFO: [VRFC 10-3107] analyzing entity '\u_ila_0_ltlib_v1_0_3_all_typeA_slice__parameterized0_64\'
INFO: [VRFC 10-3107] analyzing entity '\u_ila_0_ltlib_v1_0_3_all_typeA_slice__parameterized0_67\'
INFO: [VRFC 10-3107] analyzing entity '\u_ila_0_ltlib_v1_0_3_all_typeA_slice__parameterized0_72\'
INFO: [VRFC 10-3107] analyzing entity '\u_ila_0_ltlib_v1_0_3_all_typeA_slice__parameterized0_8\'
INFO: [VRFC 10-3107] analyzing entity '\u_ila_0_ltlib_v1_0_3_all_typeA_slice__parameterized1\'
INFO: [VRFC 10-3107] analyzing entity '\u_ila_0_ltlib_v1_0_3_all_typeA_slice__parameterized1_92\'
INFO: [VRFC 10-3107] analyzing entity '\u_ila_0_ltlib_v1_0_3_all_typeA_slice__parameterized1_96\'
INFO: [VRFC 10-3107] analyzing entity '\u_ila_0_ltlib_v1_0_3_all_typeA_slice__parameterized2\'
INFO: [VRFC 10-3107] analyzing entity '\u_ila_0_ltlib_v1_0_3_all_typeA_slice__parameterized2_93\'
INFO: [VRFC 10-3107] analyzing entity '\u_ila_0_ltlib_v1_0_3_all_typeA_slice__parameterized2_97\'
INFO: [VRFC 10-3107] analyzing entity 'u_ila_0_ltlib_v1_0_3_async_edge_xfer'
INFO: [VRFC 10-3107] analyzing entity '\u_ila_0_ltlib_v1_0_3_async_edge_xfer__1\'
INFO: [VRFC 10-3107] analyzing entity '\u_ila_0_ltlib_v1_0_3_async_edge_xfer__2\'
INFO: [VRFC 10-3107] analyzing entity '\u_ila_0_ltlib_v1_0_3_async_edge_xfer__3\'
INFO: [VRFC 10-3107] analyzing entity 'u_ila_0_ltlib_v1_0_3_cfglut4'
INFO: [VRFC 10-3107] analyzing entity '\u_ila_0_ltlib_v1_0_3_cfglut4__1\'
INFO: [VRFC 10-3107] analyzing entity 'u_ila_0_ltlib_v1_0_3_cfglut5'
INFO: [VRFC 10-3107] analyzing entity '\u_ila_0_ltlib_v1_0_3_cfglut5__1\'
INFO: [VRFC 10-3107] analyzing entity '\u_ila_0_ltlib_v1_0_3_cfglut5__2\'
INFO: [VRFC 10-3107] analyzing entity 'u_ila_0_ltlib_v1_0_3_cfglut6'
INFO: [VRFC 10-3107] analyzing entity '\u_ila_0_ltlib_v1_0_3_cfglut6__1\'
INFO: [VRFC 10-3107] analyzing entity '\u_ila_0_ltlib_v1_0_3_cfglut6__parameterized0\'
INFO: [VRFC 10-3107] analyzing entity 'u_ila_0_ltlib_v1_0_3_cfglut7'
INFO: [VRFC 10-3107] analyzing entity '\u_ila_0_ltlib_v1_0_3_cfglut7__1\'
INFO: [VRFC 10-3107] analyzing entity 'u_ila_0_ltlib_v1_0_3_generic_memrd'
INFO: [VRFC 10-3107] analyzing entity 'u_ila_0_ltlib_v1_0_3_rising_edge_detection'
INFO: [VRFC 10-3107] analyzing entity '\u_ila_0_ltlib_v1_0_3_rising_edge_detection__1\'
INFO: [VRFC 10-3107] analyzing entity 'u_ila_0_xsdbs_v1_0_5_reg_ctl'
INFO: [VRFC 10-3107] analyzing entity 'u_ila_0_xsdbs_v1_0_5_reg_ctl_76'
INFO: [VRFC 10-3107] analyzing entity 'u_ila_0_xsdbs_v1_0_5_reg_ctl_77'
INFO: [VRFC 10-3107] analyzing entity 'u_ila_0_xsdbs_v1_0_5_reg_ctl_78'
INFO: [VRFC 10-3107] analyzing entity 'u_ila_0_xsdbs_v1_0_5_reg_ctl_79'
INFO: [VRFC 10-3107] analyzing entity 'u_ila_0_xsdbs_v1_0_5_reg_ctl_82'
INFO: [VRFC 10-3107] analyzing entity 'u_ila_0_xsdbs_v1_0_5_reg_ctl_83'
INFO: [VRFC 10-3107] analyzing entity 'u_ila_0_xsdbs_v1_0_5_reg_ctl_84'
INFO: [VRFC 10-3107] analyzing entity 'u_ila_0_xsdbs_v1_0_5_reg_ctl_85'
INFO: [VRFC 10-3107] analyzing entity 'u_ila_0_xsdbs_v1_0_5_reg_ctl_86'
INFO: [VRFC 10-3107] analyzing entity 'u_ila_0_xsdbs_v1_0_5_reg_ctl_89'
INFO: [VRFC 10-3107] analyzing entity '\u_ila_0_xsdbs_v1_0_5_reg_ctl__parameterized0\'
INFO: [VRFC 10-3107] analyzing entity '\u_ila_0_xsdbs_v1_0_5_reg_ctl__parameterized1\'
INFO: [VRFC 10-3107] analyzing entity '\u_ila_0_xsdbs_v1_0_5_reg_ctl__parameterized1_80\'
INFO: [VRFC 10-3107] analyzing entity '\u_ila_0_xsdbs_v1_0_5_reg_ctl__parameterized1_81\'
INFO: [VRFC 10-3107] analyzing entity 'u_ila_0_xsdbs_v1_0_5_reg_p2s'
INFO: [VRFC 10-3107] analyzing entity '\u_ila_0_xsdbs_v1_0_5_reg_p2s__parameterized0\'
INFO: [VRFC 10-3107] analyzing entity '\u_ila_0_xsdbs_v1_0_5_reg_p2s__parameterized1\'
INFO: [VRFC 10-3107] analyzing entity '\u_ila_0_xsdbs_v1_0_5_reg_p2s__parameterized10\'
INFO: [VRFC 10-3107] analyzing entity '\u_ila_0_xsdbs_v1_0_5_reg_p2s__parameterized11\'
INFO: [VRFC 10-3107] analyzing entity '\u_ila_0_xsdbs_v1_0_5_reg_p2s__parameterized12\'
INFO: [VRFC 10-3107] analyzing entity '\u_ila_0_xsdbs_v1_0_5_reg_p2s__parameterized13\'
INFO: [VRFC 10-3107] analyzing entity '\u_ila_0_xsdbs_v1_0_5_reg_p2s__parameterized14\'
INFO: [VRFC 10-3107] analyzing entity '\u_ila_0_xsdbs_v1_0_5_reg_p2s__parameterized15\'
INFO: [VRFC 10-3107] analyzing entity '\u_ila_0_xsdbs_v1_0_5_reg_p2s__parameterized16\'
INFO: [VRFC 10-3107] analyzing entity '\u_ila_0_xsdbs_v1_0_5_reg_p2s__parameterized17\'
INFO: [VRFC 10-3107] analyzing entity '\u_ila_0_xsdbs_v1_0_5_reg_p2s__parameterized18\'
INFO: [VRFC 10-3107] analyzing entity '\u_ila_0_xsdbs_v1_0_5_reg_p2s__parameterized19\'
INFO: [VRFC 10-3107] analyzing entity '\u_ila_0_xsdbs_v1_0_5_reg_p2s__parameterized2\'
INFO: [VRFC 10-3107] analyzing entity '\u_ila_0_xsdbs_v1_0_5_reg_p2s__parameterized20\'
INFO: [VRFC 10-3107] analyzing entity '\u_ila_0_xsdbs_v1_0_5_reg_p2s__parameterized21\'
INFO: [VRFC 10-3107] analyzing entity '\u_ila_0_xsdbs_v1_0_5_reg_p2s__parameterized22\'
INFO: [VRFC 10-3107] analyzing entity '\u_ila_0_xsdbs_v1_0_5_reg_p2s__parameterized23\'
INFO: [VRFC 10-3107] analyzing entity '\u_ila_0_xsdbs_v1_0_5_reg_p2s__parameterized3\'
INFO: [VRFC 10-3107] analyzing entity '\u_ila_0_xsdbs_v1_0_5_reg_p2s__parameterized4\'
INFO: [VRFC 10-3107] analyzing entity '\u_ila_0_xsdbs_v1_0_5_reg_p2s__parameterized5\'
INFO: [VRFC 10-3107] analyzing entity '\u_ila_0_xsdbs_v1_0_5_reg_p2s__parameterized6\'
INFO: [VRFC 10-3107] analyzing entity '\u_ila_0_xsdbs_v1_0_5_reg_p2s__parameterized7\'
INFO: [VRFC 10-3107] analyzing entity '\u_ila_0_xsdbs_v1_0_5_reg_p2s__parameterized8\'
INFO: [VRFC 10-3107] analyzing entity '\u_ila_0_xsdbs_v1_0_5_reg_p2s__parameterized9\'
INFO: [VRFC 10-3107] analyzing entity 'u_ila_0_xsdbs_v1_0_5_reg_stat'
INFO: [VRFC 10-3107] analyzing entity 'u_ila_0_xsdbs_v1_0_5_reg_stat_73'
INFO: [VRFC 10-3107] analyzing entity 'u_ila_0_xsdbs_v1_0_5_reg_stat_74'
INFO: [VRFC 10-3107] analyzing entity 'u_ila_0_xsdbs_v1_0_5_reg_stat_75'
INFO: [VRFC 10-3107] analyzing entity 'u_ila_0_xsdbs_v1_0_5_reg_stat_87'
INFO: [VRFC 10-3107] analyzing entity 'u_ila_0_xsdbs_v1_0_5_reg_stat_88'
INFO: [VRFC 10-3107] analyzing entity 'u_ila_0_xsdbs_v1_0_5_xsdbs'
INFO: [VRFC 10-3107] analyzing entity 'axi_block_design_axi_smc_1_sc_axi2sc_v1_0_10_top'
INFO: [VRFC 10-3107] analyzing entity 'axi_block_design_axi_smc_1_sc_exit_v1_0_17_exit'
INFO: [VRFC 10-3107] analyzing entity 'axi_block_design_axi_smc_1_sc_exit_v1_0_17_exit_25'
INFO: [VRFC 10-3107] analyzing entity '\axi_block_design_axi_smc_1_sc_exit_v1_0_17_exit__parameterized0\'
INFO: [VRFC 10-3107] analyzing entity 'axi_block_design_axi_smc_1_sc_mmu_v1_0_15_decerr_slave'
INFO: [VRFC 10-3107] analyzing entity 'axi_block_design_axi_smc_1_sc_node_v1_0_18_arb_alg_rr'
INFO: [VRFC 10-3107] analyzing entity 'axi_block_design_axi_smc_1_sc_node_v1_0_18_arb_alg_rr_3'
INFO: [VRFC 10-3107] analyzing entity 'axi_block_design_axi_smc_1_sc_node_v1_0_18_fi_regulator'
INFO: [VRFC 10-3107] analyzing entity 'axi_block_design_axi_smc_1_sc_node_v1_0_18_fi_regulator_7'
INFO: [VRFC 10-3107] analyzing entity 'axi_block_design_axi_smc_1_sc_node_v1_0_18_mi_handler'
INFO: [VRFC 10-3107] analyzing entity 'axi_block_design_axi_smc_1_sc_node_v1_0_18_mi_handler_19'
INFO: [VRFC 10-3107] analyzing entity 'axi_block_design_axi_smc_1_sc_node_v1_0_18_mi_handler_24'
INFO: [VRFC 10-3107] analyzing entity '\axi_block_design_axi_smc_1_sc_node_v1_0_18_mi_handler__parameterized0\'
INFO: [VRFC 10-3107] analyzing entity '\axi_block_design_axi_smc_1_sc_node_v1_0_18_mi_handler__parameterized0_18\'
INFO: [VRFC 10-3107] analyzing entity '\axi_block_design_axi_smc_1_sc_node_v1_0_18_mi_handler__parameterized0_23\'
INFO: [VRFC 10-3107] analyzing entity '\axi_block_design_axi_smc_1_sc_node_v1_0_18_mi_handler__parameterized1\'
INFO: [VRFC 10-3107] analyzing entity '\axi_block_design_axi_smc_1_sc_node_v1_0_18_mi_handler__parameterized1_17\'
INFO: [VRFC 10-3107] analyzing entity '\axi_block_design_axi_smc_1_sc_node_v1_0_18_mi_handler__parameterized1_22\'
INFO: [VRFC 10-3107] analyzing entity '\axi_block_design_axi_smc_1_sc_node_v1_0_18_mi_handler__parameterized2\'
INFO: [VRFC 10-3107] analyzing entity '\axi_block_design_axi_smc_1_sc_node_v1_0_18_mi_handler__parameterized2_16\'
INFO: [VRFC 10-3107] analyzing entity '\axi_block_design_axi_smc_1_sc_node_v1_0_18_mi_handler__parameterized2_21\'
INFO: [VRFC 10-3107] analyzing entity '\axi_block_design_axi_smc_1_sc_node_v1_0_18_mi_handler__parameterized3\'
INFO: [VRFC 10-3107] analyzing entity '\axi_block_design_axi_smc_1_sc_node_v1_0_18_mi_handler__parameterized3_15\'
INFO: [VRFC 10-3107] analyzing entity '\axi_block_design_axi_smc_1_sc_node_v1_0_18_mi_handler__parameterized3_20\'
INFO: [VRFC 10-3107] analyzing entity '\axi_block_design_axi_smc_1_sc_node_v1_0_18_mi_handler__parameterized4\'
INFO: [VRFC 10-3107] analyzing entity '\axi_block_design_axi_smc_1_sc_node_v1_0_18_mi_handler__parameterized5\'
INFO: [VRFC 10-3107] analyzing entity '\axi_block_design_axi_smc_1_sc_node_v1_0_18_mi_handler__parameterized6\'
INFO: [VRFC 10-3107] analyzing entity '\axi_block_design_axi_smc_1_sc_node_v1_0_18_mi_handler__parameterized7\'
INFO: [VRFC 10-3107] analyzing entity '\axi_block_design_axi_smc_1_sc_node_v1_0_18_mi_handler__parameterized8\'
INFO: [VRFC 10-3107] analyzing entity 'axi_block_design_axi_smc_1_sc_sc2axi_v1_0_10_top'
INFO: [VRFC 10-3107] analyzing entity '\axi_block_design_axi_smc_1_sc_sc2axi_v1_0_10_top__1\'
INFO: [VRFC 10-3107] analyzing entity '\axi_block_design_axi_smc_1_sc_sc2axi_v1_0_10_top__parameterized0\'
INFO: [VRFC 10-3107] analyzing entity 'axi_block_design_axi_smc_1_sc_si_converter_v1_0_15_axilite_conv'
INFO: [VRFC 10-3107] analyzing entity 'axi_block_design_axi_smc_1_sc_switchboard_v1_0_8_top'
INFO: [VRFC 10-3107] analyzing entity '\axi_block_design_axi_smc_1_sc_switchboard_v1_0_8_top__1\'
INFO: [VRFC 10-3107] analyzing entity '\axi_block_design_axi_smc_1_sc_switchboard_v1_0_8_top__parameterized0\'
INFO: [VRFC 10-3107] analyzing entity '\axi_block_design_axi_smc_1_sc_switchboard_v1_0_8_top__parameterized0__1\'
INFO: [VRFC 10-3107] analyzing entity '\axi_block_design_axi_smc_1_sc_switchboard_v1_0_8_top__parameterized1\'
INFO: [VRFC 10-3107] analyzing entity '\axi_block_design_axi_smc_1_sc_switchboard_v1_0_8_top__parameterized3\'
INFO: [VRFC 10-3107] analyzing entity '\axi_block_design_axi_smc_1_sc_switchboard_v1_0_8_top__parameterized5\'
INFO: [VRFC 10-3107] analyzing entity '\axi_block_design_axi_smc_1_sc_switchboard_v1_0_8_top__parameterized6\'
INFO: [VRFC 10-3107] analyzing entity 'axi_block_design_axi_smc_1_sc_transaction_regulator_v1_0_11_singleorder'
INFO: [VRFC 10-3107] analyzing entity 'axi_block_design_axi_smc_1_sc_transaction_regulator_v1_0_11_singleorder_13'
INFO: [VRFC 10-3107] analyzing entity '\axi_block_design_axi_smc_1_sc_util_v1_0_4_axi_reg_stall__parameterized0\'
INFO: [VRFC 10-3107] analyzing entity '\axi_block_design_axi_smc_1_sc_util_v1_0_4_axi_reg_stall__parameterized0_14\'
INFO: [VRFC 10-3107] analyzing entity 'axi_block_design_axi_smc_1_sc_util_v1_0_4_axi_splitter'
INFO: [VRFC 10-3107] analyzing entity '\axi_block_design_axi_smc_1_sc_util_v1_0_4_counter__parameterized0\'
INFO: [VRFC 10-3107] analyzing entity '\axi_block_design_axi_smc_1_sc_util_v1_0_4_counter__parameterized0_12\'
INFO: [VRFC 10-3107] analyzing entity '\axi_block_design_axi_smc_1_sc_util_v1_0_4_counter__parameterized0_2\'
INFO: [VRFC 10-3107] analyzing entity '\axi_block_design_axi_smc_1_sc_util_v1_0_4_counter__parameterized0_8\'
INFO: [VRFC 10-3107] analyzing entity '\axi_block_design_axi_smc_1_sc_util_v1_0_4_counter__parameterized0_9\'
INFO: [VRFC 10-3107] analyzing entity '\axi_block_design_axi_smc_1_sc_util_v1_0_4_counter__parameterized1\'
INFO: [VRFC 10-3107] analyzing entity '\axi_block_design_axi_smc_1_sc_util_v1_0_4_counter__parameterized1_0\'
INFO: [VRFC 10-3107] analyzing entity '\axi_block_design_axi_smc_1_sc_util_v1_0_4_counter__parameterized1_1\'
INFO: [VRFC 10-3107] analyzing entity '\axi_block_design_axi_smc_1_sc_util_v1_0_4_counter__parameterized1_4\'
INFO: [VRFC 10-3107] analyzing entity '\axi_block_design_axi_smc_1_sc_util_v1_0_4_counter__parameterized1_5\'
INFO: [VRFC 10-3107] analyzing entity '\axi_block_design_axi_smc_1_sc_util_v1_0_4_counter__parameterized1_6\'
INFO: [VRFC 10-3107] analyzing entity '\axi_block_design_axi_smc_1_sc_util_v1_0_4_mux__parameterized1\'
INFO: [VRFC 10-3107] analyzing entity '\axi_block_design_axi_smc_1_sc_util_v1_0_4_mux__parameterized3\'
INFO: [VRFC 10-3107] analyzing entity 'axi_block_design_axi_mem_intercon_imp_auto_pc_0_dmem'
INFO: [VRFC 10-3107] analyzing entity 'axi_block_design_axi_mem_intercon_imp_auto_pc_0_rd_bin_cntr'
INFO: [VRFC 10-3107] analyzing entity 'axi_block_design_axi_mem_intercon_imp_auto_pc_0_rd_fwft'
INFO: [VRFC 10-3107] analyzing entity 'axi_block_design_axi_mem_intercon_imp_auto_pc_0_rd_status_flags_ss'
INFO: [VRFC 10-3107] analyzing entity 'axi_block_design_axi_mem_intercon_imp_auto_pc_0_wr_bin_cntr'
INFO: [VRFC 10-3107] analyzing entity 'axi_block_design_axi_mem_intercon_imp_auto_pc_0_wr_status_flags_ss'
INFO: [VRFC 10-3107] analyzing entity 'axi_block_design_axi_mem_intercon_imp_auto_pc_1_dmem'
INFO: [VRFC 10-3107] analyzing entity 'axi_block_design_axi_mem_intercon_imp_auto_pc_1_dmem_3'
INFO: [VRFC 10-3107] analyzing entity 'axi_block_design_axi_mem_intercon_imp_auto_pc_1_rd_bin_cntr'
INFO: [VRFC 10-3107] analyzing entity 'axi_block_design_axi_mem_intercon_imp_auto_pc_1_rd_bin_cntr_8'
INFO: [VRFC 10-3107] analyzing entity 'axi_block_design_axi_mem_intercon_imp_auto_pc_1_rd_fwft'
INFO: [VRFC 10-3107] analyzing entity 'axi_block_design_axi_mem_intercon_imp_auto_pc_1_rd_fwft_6'
INFO: [VRFC 10-3107] analyzing entity 'axi_block_design_axi_mem_intercon_imp_auto_pc_1_rd_status_flags_ss'
INFO: [VRFC 10-3107] analyzing entity 'axi_block_design_axi_mem_intercon_imp_auto_pc_1_rd_status_flags_ss_7'
INFO: [VRFC 10-3107] analyzing entity 'axi_block_design_axi_mem_intercon_imp_auto_pc_1_wr_bin_cntr'
INFO: [VRFC 10-3107] analyzing entity 'axi_block_design_axi_mem_intercon_imp_auto_pc_1_wr_bin_cntr_5'
INFO: [VRFC 10-3107] analyzing entity 'axi_block_design_axi_mem_intercon_imp_auto_pc_1_wr_status_flags_ss'
INFO: [VRFC 10-3107] analyzing entity 'axi_block_design_axi_mem_intercon_imp_auto_pc_1_wr_status_flags_ss_4'
INFO: [VRFC 10-3107] analyzing entity 'clk_x_pntrs'
INFO: [VRFC 10-3107] analyzing entity 'clk_x_pntrs_7'
INFO: [VRFC 10-3107] analyzing entity 'memory'
INFO: [VRFC 10-3107] analyzing entity '\memory__parameterized0\'
INFO: [VRFC 10-3107] analyzing entity 'rd_logic'
INFO: [VRFC 10-3107] analyzing entity '\rd_logic__parameterized0\'
INFO: [VRFC 10-3107] analyzing entity 'reset_blk_ramfifo'
INFO: [VRFC 10-3107] analyzing entity 'reset_blk_ramfifo_8'
INFO: [VRFC 10-3107] analyzing entity 'wr_logic'
INFO: [VRFC 10-3107] analyzing entity '\wr_logic__parameterized0\'
INFO: [VRFC 10-3107] analyzing entity 'xsdbm_v3_0_4_bus_ctl'
INFO: [VRFC 10-3107] analyzing entity 'xsdbm_v3_0_4_bus_mstr2sl_if'
INFO: [VRFC 10-3107] analyzing entity 'xsdbm_v3_0_4_icon'
INFO: [VRFC 10-3107] analyzing entity 'axi_block_design_acc_image_filter_0_1_axi_controller'
INFO: [VRFC 10-3107] analyzing entity 'axi_block_design_acc_image_filter_0_1_output_controller'
INFO: [VRFC 10-3107] analyzing entity 'axi_block_design_axi_dma_0_1_axi_datamover_cmd_status'
INFO: [VRFC 10-3107] analyzing entity '\axi_block_design_axi_dma_0_1_axi_datamover_cmd_status__parameterized0\'
INFO: [VRFC 10-3107] analyzing entity '\axi_block_design_axi_dma_0_1_axi_datamover_fifo__parameterized1\'
INFO: [VRFC 10-3107] analyzing entity '\axi_block_design_axi_dma_0_1_axi_datamover_fifo__parameterized1_10\'
INFO: [VRFC 10-3107] analyzing entity '\axi_block_design_axi_dma_0_1_axi_datamover_fifo__parameterized2\'
INFO: [VRFC 10-3107] analyzing entity '\axi_block_design_axi_dma_0_1_axi_datamover_fifo__parameterized3\'
INFO: [VRFC 10-3107] analyzing entity '\axi_block_design_axi_dma_0_1_axi_datamover_fifo__parameterized5\'
INFO: [VRFC 10-3107] analyzing entity '\axi_block_design_axi_dma_0_1_axi_datamover_fifo__parameterized6\'
INFO: [VRFC 10-3107] analyzing entity '\axi_block_design_axi_dma_0_1_axi_datamover_fifo__parameterized7\'
INFO: [VRFC 10-3107] analyzing entity '\axi_block_design_axi_dma_0_1_axi_datamover_fifo__parameterized8\'
INFO: [VRFC 10-3107] analyzing entity '\axi_block_design_axi_dma_0_1_axi_datamover_fifo__parameterized9\'
INFO: [VRFC 10-3107] analyzing entity 'axi_block_design_axi_dma_0_1_axi_datamover_pcc'
INFO: [VRFC 10-3107] analyzing entity 'axi_block_design_axi_dma_0_1_axi_dma_mm2s_mngr'
INFO: [VRFC 10-3107] analyzing entity 'axi_block_design_axi_dma_0_1_axi_dma_reg_module'
INFO: [VRFC 10-3107] analyzing entity 'axi_block_design_axi_dma_0_1_axi_dma_rst_module'
INFO: [VRFC 10-3107] analyzing entity 'axi_block_design_axi_dma_0_1_axi_dma_s2mm_mngr'
INFO: [VRFC 10-3107] analyzing entity 'axi_block_design_axi_dma_0_1_xpm_fifo_base'
INFO: [VRFC 10-3107] analyzing entity '\axi_block_design_axi_dma_0_1_xpm_fifo_base__parameterized0\'
INFO: [VRFC 10-3107] analyzing entity '\axi_block_design_axi_dma_0_1_xpm_fifo_base__parameterized1\'
INFO: [VRFC 10-3107] analyzing entity 'axi_block_design_axi_mem_intercon_imp_auto_us_0_axi_dwidth_converter_v2_1_36_a_upsizer'
INFO: [VRFC 10-3107] analyzing entity 'axi_block_design_axi_mem_intercon_imp_auto_us_0_axi_register_slice_v2_1_35_axi_register_slice'
INFO: [VRFC 10-3107] analyzing entity '\axi_block_design_axi_mem_intercon_imp_auto_us_0_axi_register_slice_v2_1_35_axi_register_slice__parameterized0\'
INFO: [VRFC 10-3107] analyzing entity 'axi_block_design_axi_mem_intercon_imp_auto_us_1_axi_dwidth_converter_v2_1_36_a_upsizer'
INFO: [VRFC 10-3107] analyzing entity 'axi_block_design_axi_mem_intercon_imp_auto_us_1_axi_register_slice_v2_1_35_axi_register_slice'
INFO: [VRFC 10-3107] analyzing entity 'axi_block_design_axi_mem_intercon_imp_xbar_1_axi_data_fifo_v2_1_35_axic_reg_srl_fifo'
INFO: [VRFC 10-3107] analyzing entity '\axi_block_design_axi_mem_intercon_imp_xbar_1_axi_data_fifo_v2_1_35_axic_reg_srl_fifo__parameterized0\'
INFO: [VRFC 10-3107] analyzing entity '\axi_block_design_axi_mem_intercon_imp_xbar_1_axi_data_fifo_v2_1_35_axic_reg_srl_fifo__parameterized1\'
INFO: [VRFC 10-3107] analyzing entity 'axi_block_design_axi_mem_intercon_imp_xbar_1_axi_register_slice_v2_1_35_axi_register_slice'
INFO: [VRFC 10-3107] analyzing entity 'axi_block_design_axi_mem_intercon_imp_xbar_1_axi_register_slice_v2_1_35_axi_register_slice_1'
INFO: [VRFC 10-3107] analyzing entity 'axi_block_design_axi_smc_1_bd_22c4_arinsw_0'
INFO: [VRFC 10-3107] analyzing entity 'axi_block_design_axi_smc_1_bd_22c4_aroutsw_0'
INFO: [VRFC 10-3107] analyzing entity 'axi_block_design_axi_smc_1_bd_22c4_awinsw_0'
INFO: [VRFC 10-3107] analyzing entity 'axi_block_design_axi_smc_1_bd_22c4_awoutsw_0'
INFO: [VRFC 10-3107] analyzing entity 'axi_block_design_axi_smc_1_bd_22c4_binsw_0'
INFO: [VRFC 10-3107] analyzing entity 'axi_block_design_axi_smc_1_bd_22c4_m00s2a_0'
INFO: [VRFC 10-3107] analyzing entity 'axi_block_design_axi_smc_1_bd_22c4_m01s2a_0'
INFO: [VRFC 10-3107] analyzing entity 'axi_block_design_axi_smc_1_bd_22c4_m02s2a_0'
INFO: [VRFC 10-3107] analyzing entity 'axi_block_design_axi_smc_1_bd_22c4_rinsw_0'
INFO: [VRFC 10-3107] analyzing entity 'axi_block_design_axi_smc_1_bd_22c4_s00a2s_0'
INFO: [VRFC 10-3107] analyzing entity 'axi_block_design_axi_smc_1_bd_22c4_winsw_0'
INFO: [VRFC 10-3107] analyzing entity 'axi_block_design_axi_smc_1_bd_22c4_woutsw_0'
INFO: [VRFC 10-3107] analyzing entity 'axi_block_design_axi_smc_1_lpf'
INFO: [VRFC 10-3107] analyzing entity 'axi_block_design_axi_smc_1_sequence_psr'
INFO: [VRFC 10-3107] analyzing entity 'axi_block_design_axi_timer_0_1_address_decoder'
INFO: [VRFC 10-3107] analyzing entity 'axi_block_design_axi_timer_0_1_count_module'
INFO: [VRFC 10-3107] analyzing entity 'axi_block_design_axi_timer_0_1_timer_control'
INFO: [VRFC 10-3107] analyzing entity 'axi_block_design_processing_system7_0_1'
INFO: [VRFC 10-3107] analyzing entity 'axi_block_design_rst_ps7_0_100M_1_lpf'
INFO: [VRFC 10-3107] analyzing entity 'axi_block_design_rst_ps7_0_100M_1_sequence_psr'
INFO: [VRFC 10-3107] analyzing entity 'u_ila_0_blk_mem_gen_v8_4_11_blk_mem_gen_prim_width'
INFO: [VRFC 10-3107] analyzing entity '\u_ila_0_blk_mem_gen_v8_4_11_blk_mem_gen_prim_width__parameterized0\'
INFO: [VRFC 10-3107] analyzing entity 'u_ila_0_ila_v6_2_18_ila_reset_ctrl'
INFO: [VRFC 10-3107] analyzing entity 'u_ila_0_ltlib_v1_0_3_all_typeA'
INFO: [VRFC 10-3107] analyzing entity 'u_ila_0_ltlib_v1_0_3_all_typeA_69'
INFO: [VRFC 10-3107] analyzing entity '\u_ila_0_ltlib_v1_0_3_all_typeA__parameterized0\'
INFO: [VRFC 10-3107] analyzing entity '\u_ila_0_ltlib_v1_0_3_all_typeA__parameterized0_35\'
INFO: [VRFC 10-3107] analyzing entity '\u_ila_0_ltlib_v1_0_3_all_typeA__parameterized0_50\'
INFO: [VRFC 10-3107] analyzing entity '\u_ila_0_ltlib_v1_0_3_all_typeA__parameterized0_54\'
INFO: [VRFC 10-3107] analyzing entity '\u_ila_0_ltlib_v1_0_3_all_typeA__parameterized0_58\'
INFO: [VRFC 10-3107] analyzing entity '\u_ila_0_ltlib_v1_0_3_all_typeA__parameterized0_62\'
INFO: [VRFC 10-3107] analyzing entity '\u_ila_0_ltlib_v1_0_3_all_typeA__parameterized1\'
INFO: [VRFC 10-3107] analyzing entity '\u_ila_0_ltlib_v1_0_3_all_typeA__parameterized1_1\'
INFO: [VRFC 10-3107] analyzing entity '\u_ila_0_ltlib_v1_0_3_all_typeA__parameterized1_10\'
INFO: [VRFC 10-3107] analyzing entity '\u_ila_0_ltlib_v1_0_3_all_typeA__parameterized1_13\'
INFO: [VRFC 10-3107] analyzing entity '\u_ila_0_ltlib_v1_0_3_all_typeA__parameterized1_16\'
INFO: [VRFC 10-3107] analyzing entity '\u_ila_0_ltlib_v1_0_3_all_typeA__parameterized1_19\'
INFO: [VRFC 10-3107] analyzing entity '\u_ila_0_ltlib_v1_0_3_all_typeA__parameterized1_22\'
INFO: [VRFC 10-3107] analyzing entity '\u_ila_0_ltlib_v1_0_3_all_typeA__parameterized1_25\'
INFO: [VRFC 10-3107] analyzing entity '\u_ila_0_ltlib_v1_0_3_all_typeA__parameterized1_28\'
INFO: [VRFC 10-3107] analyzing entity '\u_ila_0_ltlib_v1_0_3_all_typeA__parameterized1_31\'
INFO: [VRFC 10-3107] analyzing entity '\u_ila_0_ltlib_v1_0_3_all_typeA__parameterized1_38\'
INFO: [VRFC 10-3107] analyzing entity '\u_ila_0_ltlib_v1_0_3_all_typeA__parameterized1_4\'
INFO: [VRFC 10-3107] analyzing entity '\u_ila_0_ltlib_v1_0_3_all_typeA__parameterized1_41\'
INFO: [VRFC 10-3107] analyzing entity '\u_ila_0_ltlib_v1_0_3_all_typeA__parameterized1_44\'
INFO: [VRFC 10-3107] analyzing entity '\u_ila_0_ltlib_v1_0_3_all_typeA__parameterized1_47\'
INFO: [VRFC 10-3107] analyzing entity '\u_ila_0_ltlib_v1_0_3_all_typeA__parameterized1_7\'
INFO: [VRFC 10-3107] analyzing entity '\u_ila_0_ltlib_v1_0_3_all_typeA__parameterized2\'
INFO: [VRFC 10-3107] analyzing entity '\u_ila_0_ltlib_v1_0_3_all_typeA__parameterized2_91\'
INFO: [VRFC 10-3107] analyzing entity '\u_ila_0_ltlib_v1_0_3_all_typeA__parameterized2_95\'
INFO: [VRFC 10-3107] analyzing entity '\u_ila_0_xsdbs_v1_0_5_reg__parameterized42\'
INFO: [VRFC 10-3107] analyzing entity '\u_ila_0_xsdbs_v1_0_5_reg__parameterized43\'
INFO: [VRFC 10-3107] analyzing entity '\u_ila_0_xsdbs_v1_0_5_reg__parameterized44\'
INFO: [VRFC 10-3107] analyzing entity '\u_ila_0_xsdbs_v1_0_5_reg__parameterized45\'
INFO: [VRFC 10-3107] analyzing entity '\u_ila_0_xsdbs_v1_0_5_reg__parameterized57\'
INFO: [VRFC 10-3107] analyzing entity '\u_ila_0_xsdbs_v1_0_5_reg__parameterized58\'
INFO: [VRFC 10-3107] analyzing entity '\u_ila_0_xsdbs_v1_0_5_reg__parameterized59\'
INFO: [VRFC 10-3107] analyzing entity '\u_ila_0_xsdbs_v1_0_5_reg__parameterized60\'
INFO: [VRFC 10-3107] analyzing entity '\u_ila_0_xsdbs_v1_0_5_reg__parameterized61\'
INFO: [VRFC 10-3107] analyzing entity '\u_ila_0_xsdbs_v1_0_5_reg__parameterized62\'
INFO: [VRFC 10-3107] analyzing entity '\u_ila_0_xsdbs_v1_0_5_reg__parameterized63\'
INFO: [VRFC 10-3107] analyzing entity '\u_ila_0_xsdbs_v1_0_5_reg__parameterized64\'
INFO: [VRFC 10-3107] analyzing entity '\u_ila_0_xsdbs_v1_0_5_reg__parameterized65\'
INFO: [VRFC 10-3107] analyzing entity '\u_ila_0_xsdbs_v1_0_5_reg__parameterized66\'
INFO: [VRFC 10-3107] analyzing entity '\u_ila_0_xsdbs_v1_0_5_reg__parameterized67\'
INFO: [VRFC 10-3107] analyzing entity '\u_ila_0_xsdbs_v1_0_5_reg__parameterized68\'
INFO: [VRFC 10-3107] analyzing entity '\u_ila_0_xsdbs_v1_0_5_reg__parameterized70\'
INFO: [VRFC 10-3107] analyzing entity '\u_ila_0_xsdbs_v1_0_5_reg__parameterized72\'
INFO: [VRFC 10-3107] analyzing entity '\u_ila_0_xsdbs_v1_0_5_reg__parameterized75\'
INFO: [VRFC 10-3107] analyzing entity 'u_ila_0_xsdbs_v1_0_5_reg_stream'
INFO: [VRFC 10-3107] analyzing entity '\u_ila_0_xsdbs_v1_0_5_reg_stream__parameterized0\'
INFO: [VRFC 10-3107] analyzing entity 'axi_block_design_axi_smc_1_sc_exit_v1_0_17_top'
INFO: [VRFC 10-3107] analyzing entity '\axi_block_design_axi_smc_1_sc_exit_v1_0_17_top__parameterized0\'
INFO: [VRFC 10-3107] analyzing entity '\axi_block_design_axi_smc_1_sc_exit_v1_0_17_top__xdcDup__1\'
INFO: [VRFC 10-3107] analyzing entity 'axi_block_design_axi_smc_1_sc_mmu_v1_0_15_top'
INFO: [VRFC 10-3107] analyzing entity 'axi_block_design_axi_smc_1_sc_node_v1_0_18_reg_fifo'
INFO: [VRFC 10-3107] analyzing entity 'axi_block_design_axi_smc_1_sc_node_v1_0_18_reg_fifo_11'
INFO: [VRFC 10-3107] analyzing entity '\axi_block_design_axi_smc_1_sc_node_v1_0_18_reg_fifo__parameterized0\'
INFO: [VRFC 10-3107] analyzing entity '\axi_block_design_axi_smc_1_sc_node_v1_0_18_reg_fifo__parameterized1\'
INFO: [VRFC 10-3107] analyzing entity '\axi_block_design_axi_smc_1_sc_node_v1_0_18_reg_fifo__parameterized2\'
INFO: [VRFC 10-3107] analyzing entity '\axi_block_design_axi_smc_1_sc_node_v1_0_18_si_handler__parameterized6\'
INFO: [VRFC 10-3107] analyzing entity '\axi_block_design_axi_smc_1_sc_node_v1_0_18_si_handler__parameterized7\'
INFO: [VRFC 10-3107] analyzing entity 'axi_block_design_axi_smc_1_sc_node_v1_0_18_top'
INFO: [VRFC 10-3107] analyzing entity '\axi_block_design_axi_smc_1_sc_node_v1_0_18_top__parameterized0\'
INFO: [VRFC 10-3107] analyzing entity '\axi_block_design_axi_smc_1_sc_node_v1_0_18_top__parameterized0__xdcDup__1\'
INFO: [VRFC 10-3107] analyzing entity '\axi_block_design_axi_smc_1_sc_node_v1_0_18_top__parameterized0__xdcDup__2\'
INFO: [VRFC 10-3107] analyzing entity '\axi_block_design_axi_smc_1_sc_node_v1_0_18_top__parameterized1\'
INFO: [VRFC 10-3107] analyzing entity '\axi_block_design_axi_smc_1_sc_node_v1_0_18_top__parameterized1__xdcDup__1\'
INFO: [VRFC 10-3107] analyzing entity '\axi_block_design_axi_smc_1_sc_node_v1_0_18_top__parameterized1__xdcDup__2\'
INFO: [VRFC 10-3107] analyzing entity '\axi_block_design_axi_smc_1_sc_node_v1_0_18_top__parameterized2\'
INFO: [VRFC 10-3107] analyzing entity '\axi_block_design_axi_smc_1_sc_node_v1_0_18_top__parameterized2__xdcDup__1\'
INFO: [VRFC 10-3107] analyzing entity '\axi_block_design_axi_smc_1_sc_node_v1_0_18_top__parameterized2__xdcDup__2\'
INFO: [VRFC 10-3107] analyzing entity '\axi_block_design_axi_smc_1_sc_node_v1_0_18_top__parameterized3\'
INFO: [VRFC 10-3107] analyzing entity '\axi_block_design_axi_smc_1_sc_node_v1_0_18_top__parameterized3__xdcDup__1\'
INFO: [VRFC 10-3107] analyzing entity '\axi_block_design_axi_smc_1_sc_node_v1_0_18_top__parameterized3__xdcDup__2\'
INFO: [VRFC 10-3107] analyzing entity '\axi_block_design_axi_smc_1_sc_node_v1_0_18_top__parameterized4\'
INFO: [VRFC 10-3107] analyzing entity '\axi_block_design_axi_smc_1_sc_node_v1_0_18_top__parameterized5\'
INFO: [VRFC 10-3107] analyzing entity '\axi_block_design_axi_smc_1_sc_node_v1_0_18_top__parameterized6\'
INFO: [VRFC 10-3107] analyzing entity '\axi_block_design_axi_smc_1_sc_node_v1_0_18_top__parameterized7\'
INFO: [VRFC 10-3107] analyzing entity '\axi_block_design_axi_smc_1_sc_node_v1_0_18_top__parameterized8\'
INFO: [VRFC 10-3107] analyzing entity '\axi_block_design_axi_smc_1_sc_node_v1_0_18_top__xdcDup__1\'
INFO: [VRFC 10-3107] analyzing entity '\axi_block_design_axi_smc_1_sc_node_v1_0_18_top__xdcDup__2\'
INFO: [VRFC 10-3107] analyzing entity 'axi_block_design_axi_smc_1_sc_si_converter_v1_0_15_top'
INFO: [VRFC 10-3107] analyzing entity '\axi_block_design_axi_smc_1_sc_switchboard_v1_0_8_top__parameterized2\'
INFO: [VRFC 10-3107] analyzing entity '\axi_block_design_axi_smc_1_sc_switchboard_v1_0_8_top__parameterized4\'
INFO: [VRFC 10-3107] analyzing entity 'axi_block_design_axi_smc_1_sc_transaction_regulator_v1_0_11_top'
INFO: [VRFC 10-3107] analyzing entity 'axi_block_design_axi_mem_intercon_imp_auto_pc_0_memory'
INFO: [VRFC 10-3107] analyzing entity 'axi_block_design_axi_mem_intercon_imp_auto_pc_0_rd_logic'
INFO: [VRFC 10-3107] analyzing entity 'axi_block_design_axi_mem_intercon_imp_auto_pc_0_reset_blk_ramfifo'
INFO: [VRFC 10-3107] analyzing entity 'axi_block_design_axi_mem_intercon_imp_auto_pc_0_wr_logic'
INFO: [VRFC 10-3107] analyzing entity 'axi_block_design_axi_mem_intercon_imp_auto_pc_1_memory'
INFO: [VRFC 10-3107] analyzing entity 'axi_block_design_axi_mem_intercon_imp_auto_pc_1_memory_2'
INFO: [VRFC 10-3107] analyzing entity 'axi_block_design_axi_mem_intercon_imp_auto_pc_1_rd_logic'
INFO: [VRFC 10-3107] analyzing entity 'axi_block_design_axi_mem_intercon_imp_auto_pc_1_rd_logic_0'
INFO: [VRFC 10-3107] analyzing entity 'axi_block_design_axi_mem_intercon_imp_auto_pc_1_reset_blk_ramfifo'
INFO: [VRFC 10-3107] analyzing entity '\axi_block_design_axi_mem_intercon_imp_auto_pc_1_reset_blk_ramfifo__xdcDup__1\'
INFO: [VRFC 10-3107] analyzing entity 'axi_block_design_axi_mem_intercon_imp_auto_pc_1_wr_logic'
INFO: [VRFC 10-3107] analyzing entity 'axi_block_design_axi_mem_intercon_imp_auto_pc_1_wr_logic_1'
INFO: [VRFC 10-3107] analyzing entity 'fifo_generator_ramfifo'
INFO: [VRFC 10-3107] analyzing entity '\fifo_generator_ramfifo__parameterized0\'
INFO: [VRFC 10-3107] analyzing entity 'axi_block_design_acc_image_filter_0_1_grid_system'
INFO: [VRFC 10-3107] analyzing entity 'axi_block_design_axi_dma_0_1_axi_datamover_addr_cntl'
INFO: [VRFC 10-3107] analyzing entity '\axi_block_design_axi_dma_0_1_axi_datamover_addr_cntl__parameterized0\'
INFO: [VRFC 10-3107] analyzing entity 'axi_block_design_axi_dma_0_1_axi_datamover_rddata_cntl'
INFO: [VRFC 10-3107] analyzing entity 'axi_block_design_axi_dma_0_1_axi_datamover_s2mm_scatter'
INFO: [VRFC 10-3107] analyzing entity 'axi_block_design_axi_dma_0_1_axi_datamover_wr_status_cntl'
INFO: [VRFC 10-3107] analyzing entity 'axi_block_design_axi_dma_0_1_axi_datamover_wrdata_cntl'
INFO: [VRFC 10-3107] analyzing entity 'axi_block_design_axi_dma_0_1_xpm_fifo_sync'
INFO: [VRFC 10-3107] analyzing entity '\axi_block_design_axi_dma_0_1_xpm_fifo_sync__parameterized1\'
INFO: [VRFC 10-3107] analyzing entity '\axi_block_design_axi_dma_0_1_xpm_fifo_sync__parameterized3\'
INFO: [VRFC 10-3107] analyzing entity 'axi_block_design_axi_mem_intercon_imp_auto_us_0_axi_dwidth_converter_v2_1_36_axi_upsizer'
INFO: [VRFC 10-3107] analyzing entity 'axi_block_design_axi_mem_intercon_imp_auto_us_1_axi_dwidth_converter_v2_1_36_axi_upsizer'
INFO: [VRFC 10-3107] analyzing entity 'axi_block_design_axi_mem_intercon_imp_xbar_1_axi_crossbar_v2_1_37_wdata_mux'
INFO: [VRFC 10-3107] analyzing entity '\axi_block_design_axi_mem_intercon_imp_xbar_1_axi_crossbar_v2_1_37_wdata_mux__parameterized0\'
INFO: [VRFC 10-3107] analyzing entity 'axi_block_design_axi_mem_intercon_imp_xbar_1_axi_crossbar_v2_1_37_wdata_router'
INFO: [VRFC 10-3107] analyzing entity 'axi_block_design_axi_smc_1_bd_22c4_boutsw_0'
INFO: [VRFC 10-3107] analyzing entity 'axi_block_design_axi_smc_1_bd_22c4_m00arn_0'
INFO: [VRFC 10-3107] analyzing entity 'axi_block_design_axi_smc_1_bd_22c4_m00awn_0'
INFO: [VRFC 10-3107] analyzing entity 'axi_block_design_axi_smc_1_bd_22c4_m00bn_0'
INFO: [VRFC 10-3107] analyzing entity 'axi_block_design_axi_smc_1_bd_22c4_m00e_0'
INFO: [VRFC 10-3107] analyzing entity 'axi_block_design_axi_smc_1_bd_22c4_m00rn_0'
INFO: [VRFC 10-3107] analyzing entity 'axi_block_design_axi_smc_1_bd_22c4_m00wn_0'
INFO: [VRFC 10-3107] analyzing entity 'axi_block_design_axi_smc_1_bd_22c4_m01arn_0'
INFO: [VRFC 10-3107] analyzing entity 'axi_block_design_axi_smc_1_bd_22c4_m01awn_0'
INFO: [VRFC 10-3107] analyzing entity 'axi_block_design_axi_smc_1_bd_22c4_m01bn_0'
INFO: [VRFC 10-3107] analyzing entity 'axi_block_design_axi_smc_1_bd_22c4_m01e_0'
INFO: [VRFC 10-3107] analyzing entity 'axi_block_design_axi_smc_1_bd_22c4_m01rn_0'
INFO: [VRFC 10-3107] analyzing entity 'axi_block_design_axi_smc_1_bd_22c4_m01wn_0'
INFO: [VRFC 10-3107] analyzing entity 'axi_block_design_axi_smc_1_bd_22c4_m02arn_0'
INFO: [VRFC 10-3107] analyzing entity 'axi_block_design_axi_smc_1_bd_22c4_m02awn_0'
INFO: [VRFC 10-3107] analyzing entity 'axi_block_design_axi_smc_1_bd_22c4_m02bn_0'
INFO: [VRFC 10-3107] analyzing entity 'axi_block_design_axi_smc_1_bd_22c4_m02e_0'
INFO: [VRFC 10-3107] analyzing entity 'axi_block_design_axi_smc_1_bd_22c4_m02rn_0'
INFO: [VRFC 10-3107] analyzing entity 'axi_block_design_axi_smc_1_bd_22c4_m02wn_0'
INFO: [VRFC 10-3107] analyzing entity 'axi_block_design_axi_smc_1_bd_22c4_routsw_0'
INFO: [VRFC 10-3107] analyzing entity 'axi_block_design_axi_smc_1_bd_22c4_s00mmu_0'
INFO: [VRFC 10-3107] analyzing entity 'axi_block_design_axi_smc_1_bd_22c4_s00sic_0'
INFO: [VRFC 10-3107] analyzing entity 'axi_block_design_axi_smc_1_bd_22c4_s00tr_0'
INFO: [VRFC 10-3107] analyzing entity 'axi_block_design_axi_smc_1_bd_22c4_sarn_0'
INFO: [VRFC 10-3107] analyzing entity 'axi_block_design_axi_smc_1_bd_22c4_sawn_0'
INFO: [VRFC 10-3107] analyzing entity 'axi_block_design_axi_smc_1_bd_22c4_sbn_0'
INFO: [VRFC 10-3107] analyzing entity 'axi_block_design_axi_smc_1_bd_22c4_srn_0'
INFO: [VRFC 10-3107] analyzing entity 'axi_block_design_axi_smc_1_bd_22c4_swn_0'
INFO: [VRFC 10-3107] analyzing entity 'axi_block_design_axi_smc_1_proc_sys_reset'
INFO: [VRFC 10-3107] analyzing entity 'axi_block_design_axi_timer_0_1_slave_attachment'
INFO: [VRFC 10-3107] analyzing entity 'axi_block_design_axi_timer_0_1_tc_core'
INFO: [VRFC 10-3107] analyzing entity 'axi_block_design_rst_ps7_0_100M_1_proc_sys_reset'
INFO: [VRFC 10-3107] analyzing entity 'u_ila_0_blk_mem_gen_v8_4_11_blk_mem_gen_generic_cstr'
INFO: [VRFC 10-3107] analyzing entity 'u_ila_0_ila_v6_2_18_ila_register'
INFO: [VRFC 10-3107] analyzing entity 'u_ila_0_ltlib_v1_0_3_allx_typeA'
INFO: [VRFC 10-3107] analyzing entity 'u_ila_0_ltlib_v1_0_3_allx_typeA_68'
INFO: [VRFC 10-3107] analyzing entity '\u_ila_0_ltlib_v1_0_3_allx_typeA__parameterized0\'
INFO: [VRFC 10-3107] analyzing entity '\u_ila_0_ltlib_v1_0_3_allx_typeA__parameterized0_34\'
INFO: [VRFC 10-3107] analyzing entity '\u_ila_0_ltlib_v1_0_3_allx_typeA__parameterized0_49\'
INFO: [VRFC 10-3107] analyzing entity '\u_ila_0_ltlib_v1_0_3_allx_typeA__parameterized0_53\'
INFO: [VRFC 10-3107] analyzing entity '\u_ila_0_ltlib_v1_0_3_allx_typeA__parameterized0_57\'
INFO: [VRFC 10-3107] analyzing entity '\u_ila_0_ltlib_v1_0_3_allx_typeA__parameterized0_61\'
INFO: [VRFC 10-3107] analyzing entity '\u_ila_0_ltlib_v1_0_3_allx_typeA__parameterized1\'
INFO: [VRFC 10-3107] analyzing entity '\u_ila_0_ltlib_v1_0_3_allx_typeA__parameterized1_40\'
INFO: [VRFC 10-3107] analyzing entity '\u_ila_0_ltlib_v1_0_3_allx_typeA__parameterized1_43\'
INFO: [VRFC 10-3107] analyzing entity '\u_ila_0_ltlib_v1_0_3_allx_typeA__parameterized1_46\'
INFO: [VRFC 10-3107] analyzing entity '\u_ila_0_ltlib_v1_0_3_allx_typeA__parameterized2\'
INFO: [VRFC 10-3107] analyzing entity '\u_ila_0_ltlib_v1_0_3_allx_typeA__parameterized2_0\'
INFO: [VRFC 10-3107] analyzing entity '\u_ila_0_ltlib_v1_0_3_allx_typeA__parameterized2_12\'
INFO: [VRFC 10-3107] analyzing entity '\u_ila_0_ltlib_v1_0_3_allx_typeA__parameterized2_15\'
INFO: [VRFC 10-3107] analyzing entity '\u_ila_0_ltlib_v1_0_3_allx_typeA__parameterized2_18\'
INFO: [VRFC 10-3107] analyzing entity '\u_ila_0_ltlib_v1_0_3_allx_typeA__parameterized2_21\'
INFO: [VRFC 10-3107] analyzing entity '\u_ila_0_ltlib_v1_0_3_allx_typeA__parameterized2_24\'
INFO: [VRFC 10-3107] analyzing entity '\u_ila_0_ltlib_v1_0_3_allx_typeA__parameterized2_27\'
INFO: [VRFC 10-3107] analyzing entity '\u_ila_0_ltlib_v1_0_3_allx_typeA__parameterized2_3\'
INFO: [VRFC 10-3107] analyzing entity '\u_ila_0_ltlib_v1_0_3_allx_typeA__parameterized2_30\'
INFO: [VRFC 10-3107] analyzing entity '\u_ila_0_ltlib_v1_0_3_allx_typeA__parameterized2_6\'
INFO: [VRFC 10-3107] analyzing entity '\u_ila_0_ltlib_v1_0_3_allx_typeA__parameterized2_9\'
INFO: [VRFC 10-3107] analyzing entity 'u_ila_0_ltlib_v1_0_3_allx_typeA_nodelay'
INFO: [VRFC 10-3107] analyzing entity 'u_ila_0_ltlib_v1_0_3_allx_typeA_nodelay_90'
INFO: [VRFC 10-3107] analyzing entity 'u_ila_0_ltlib_v1_0_3_allx_typeA_nodelay_94'
INFO: [VRFC 10-3107] analyzing entity 'axi_block_design_axi_smc_1_sc_node_v1_0_18_fifo'
INFO: [VRFC 10-3107] analyzing entity 'axi_block_design_axi_smc_1_sc_node_v1_0_18_fifo_10'
INFO: [VRFC 10-3107] analyzing entity '\axi_block_design_axi_smc_1_sc_node_v1_0_18_fifo__parameterized0\'
INFO: [VRFC 10-3107] analyzing entity '\axi_block_design_axi_smc_1_sc_node_v1_0_18_fifo__parameterized1\'
INFO: [VRFC 10-3107] analyzing entity '\axi_block_design_axi_smc_1_sc_node_v1_0_18_fifo__parameterized2\'
INFO: [VRFC 10-3107] analyzing entity 'axi_block_design_axi_mem_intercon_imp_auto_pc_0_fifo_generator_ramfifo'
INFO: [VRFC 10-3107] analyzing entity 'axi_block_design_axi_mem_intercon_imp_auto_pc_1_fifo_generator_ramfifo'
INFO: [VRFC 10-3107] analyzing entity '\axi_block_design_axi_mem_intercon_imp_auto_pc_1_fifo_generator_ramfifo__xdcDup__1\'
INFO: [VRFC 10-3107] analyzing entity 'fifo_generator_top'
INFO: [VRFC 10-3107] analyzing entity '\fifo_generator_top__parameterized0\'
INFO: [VRFC 10-3107] analyzing entity 'axi_block_design_acc_image_filter_0_1_alu_logic'
INFO: [VRFC 10-3107] analyzing entity 'axi_block_design_axi_dma_0_1_axi_datamover_s2mm_realign'
INFO: [VRFC 10-3107] analyzing entity 'axi_block_design_axi_dma_0_1_axi_datamover_sfifo_autord'
INFO: [VRFC 10-3107] analyzing entity '\axi_block_design_axi_dma_0_1_axi_datamover_sfifo_autord__parameterized0\'
INFO: [VRFC 10-3107] analyzing entity '\axi_block_design_axi_dma_0_1_axi_datamover_sfifo_autord__parameterized1\'
INFO: [VRFC 10-3107] analyzing entity 'axi_block_design_axi_mem_intercon_imp_auto_us_0_axi_dwidth_converter_v2_1_36_top'
INFO: [VRFC 10-3107] analyzing entity 'axi_block_design_axi_mem_intercon_imp_auto_us_1_axi_dwidth_converter_v2_1_36_top'
INFO: [VRFC 10-3107] analyzing entity 'axi_block_design_axi_mem_intercon_imp_xbar_1_axi_crossbar_v2_1_37_crossbar'
INFO: [VRFC 10-3107] analyzing entity 'axi_block_design_axi_smc_1_bd_22c4_psr_aclk_0'
INFO: [VRFC 10-3107] analyzing entity 'axi_block_design_axi_smc_1_m00_exit_pipeline_imp_1HQX7S4'
INFO: [VRFC 10-3107] analyzing entity 'axi_block_design_axi_smc_1_m00_nodes_imp_14DDQX4'
INFO: [VRFC 10-3107] analyzing entity 'axi_block_design_axi_smc_1_m01_exit_pipeline_imp_1NJQGYS'
INFO: [VRFC 10-3107] analyzing entity 'axi_block_design_axi_smc_1_m01_nodes_imp_3HGNI6'
INFO: [VRFC 10-3107] analyzing entity 'axi_block_design_axi_smc_1_m02_exit_pipeline_imp_1UK8Y04'
INFO: [VRFC 10-3107] analyzing entity 'axi_block_design_axi_smc_1_m02_nodes_imp_VC1A91'
INFO: [VRFC 10-3107] analyzing entity 'axi_block_design_axi_smc_1_s00_entry_pipeline_imp_IHCFQF'
INFO: [VRFC 10-3107] analyzing entity 'axi_block_design_axi_smc_1_s00_nodes_imp_O6H60T'
INFO: [VRFC 10-3107] analyzing entity 'axi_block_design_axi_timer_0_1_axi_lite_ipif'
INFO: [VRFC 10-3107] analyzing entity 'axi_block_design_rst_ps7_0_100M_1'
INFO: [VRFC 10-3107] analyzing entity 'u_ila_0_blk_mem_gen_v8_4_11_blk_mem_gen_top'
INFO: [VRFC 10-3107] analyzing entity 'u_ila_0_ltlib_v1_0_3_match'
INFO: [VRFC 10-3107] analyzing entity '\u_ila_0_ltlib_v1_0_3_match__1\'
INFO: [VRFC 10-3107] analyzing entity '\u_ila_0_ltlib_v1_0_3_match__parameterized0\'
INFO: [VRFC 10-3107] analyzing entity '\u_ila_0_ltlib_v1_0_3_match__parameterized0__1\'
INFO: [VRFC 10-3107] analyzing entity '\u_ila_0_ltlib_v1_0_3_match__parameterized0__2\'
INFO: [VRFC 10-3107] analyzing entity '\u_ila_0_ltlib_v1_0_3_match__parameterized0__3\'
INFO: [VRFC 10-3107] analyzing entity '\u_ila_0_ltlib_v1_0_3_match__parameterized0__4\'
INFO: [VRFC 10-3107] analyzing entity '\u_ila_0_ltlib_v1_0_3_match__parameterized0__5\'
INFO: [VRFC 10-3107] analyzing entity '\u_ila_0_ltlib_v1_0_3_match__parameterized1\'
INFO: [VRFC 10-3107] analyzing entity '\u_ila_0_ltlib_v1_0_3_match__parameterized1__1\'
INFO: [VRFC 10-3107] analyzing entity '\u_ila_0_ltlib_v1_0_3_match__parameterized1__2\'
INFO: [VRFC 10-3107] analyzing entity '\u_ila_0_ltlib_v1_0_3_match__parameterized1__3\'
INFO: [VRFC 10-3107] analyzing entity '\u_ila_0_ltlib_v1_0_3_match__parameterized2\'
INFO: [VRFC 10-3107] analyzing entity '\u_ila_0_ltlib_v1_0_3_match__parameterized2__1\'
INFO: [VRFC 10-3107] analyzing entity '\u_ila_0_ltlib_v1_0_3_match__parameterized2__10\'
INFO: [VRFC 10-3107] analyzing entity '\u_ila_0_ltlib_v1_0_3_match__parameterized2__11\'
INFO: [VRFC 10-3107] analyzing entity '\u_ila_0_ltlib_v1_0_3_match__parameterized2__2\'
INFO: [VRFC 10-3107] analyzing entity '\u_ila_0_ltlib_v1_0_3_match__parameterized2__3\'
INFO: [VRFC 10-3107] analyzing entity '\u_ila_0_ltlib_v1_0_3_match__parameterized2__4\'
INFO: [VRFC 10-3107] analyzing entity '\u_ila_0_ltlib_v1_0_3_match__parameterized2__5\'
INFO: [VRFC 10-3107] analyzing entity '\u_ila_0_ltlib_v1_0_3_match__parameterized2__6\'
INFO: [VRFC 10-3107] analyzing entity '\u_ila_0_ltlib_v1_0_3_match__parameterized2__7\'
INFO: [VRFC 10-3107] analyzing entity '\u_ila_0_ltlib_v1_0_3_match__parameterized2__8\'
INFO: [VRFC 10-3107] analyzing entity '\u_ila_0_ltlib_v1_0_3_match__parameterized2__9\'
INFO: [VRFC 10-3107] analyzing entity 'u_ila_0_ltlib_v1_0_3_match_nodelay'
INFO: [VRFC 10-3107] analyzing entity '\u_ila_0_ltlib_v1_0_3_match_nodelay__1\'
INFO: [VRFC 10-3107] analyzing entity '\u_ila_0_ltlib_v1_0_3_match_nodelay__2\'
INFO: [VRFC 10-3107] analyzing entity '\axi_block_design_axi_smc_1_sc_node_v1_0_18_mi_handler__parameterized10\'
INFO: [VRFC 10-3107] analyzing entity '\axi_block_design_axi_smc_1_sc_node_v1_0_18_mi_handler__parameterized11\'
INFO: [VRFC 10-3107] analyzing entity '\axi_block_design_axi_smc_1_sc_node_v1_0_18_mi_handler__parameterized12\'
INFO: [VRFC 10-3107] analyzing entity '\axi_block_design_axi_smc_1_sc_node_v1_0_18_mi_handler__parameterized13\'
INFO: [VRFC 10-3107] analyzing entity '\axi_block_design_axi_smc_1_sc_node_v1_0_18_mi_handler__parameterized9\'
INFO: [VRFC 10-3107] analyzing entity 'axi_block_design_axi_mem_intercon_imp_auto_pc_0_fifo_generator_top'
INFO: [VRFC 10-3107] analyzing entity 'axi_block_design_axi_mem_intercon_imp_auto_pc_1_fifo_generator_top'
INFO: [VRFC 10-3107] analyzing entity '\axi_block_design_axi_mem_intercon_imp_auto_pc_1_fifo_generator_top__xdcDup__1\'
INFO: [VRFC 10-3107] analyzing entity 'fifo_generator_v13_1_5_synth'
INFO: [VRFC 10-3107] analyzing entity '\fifo_generator_v13_1_5_synth__parameterized0\'
INFO: [VRFC 10-3107] analyzing entity 'axi_block_design_acc_image_filter_0_1_acc_image_filter'
INFO: [VRFC 10-3107] analyzing entity 'axi_block_design_axi_dma_0_1_axi_datamover_indet_btt'
INFO: [VRFC 10-3107] analyzing entity 'axi_block_design_axi_dma_0_1_axi_datamover_rd_sf'
INFO: [VRFC 10-3107] analyzing entity 'axi_block_design_axi_mem_intercon_imp_auto_us_0'
INFO: [VRFC 10-3107] analyzing entity 'axi_block_design_axi_mem_intercon_imp_auto_us_1'
INFO: [VRFC 10-3107] analyzing entity 'axi_block_design_axi_mem_intercon_imp_xbar_1_axi_crossbar_v2_1_37_axi_crossbar'
INFO: [VRFC 10-3107] analyzing entity 'axi_block_design_axi_smc_1_clk_map_imp_FUEKCF'
INFO: [VRFC 10-3107] analyzing entity 'axi_block_design_axi_timer_0_1_axi_timer'
INFO: [VRFC 10-3107] analyzing entity 'u_ila_0_blk_mem_gen_v8_4_11_synth'
INFO: [VRFC 10-3107] analyzing entity 'u_ila_0_ila_v6_2_18_ila_cap_sample_counter'
INFO: [VRFC 10-3107] analyzing entity 'u_ila_0_ila_v6_2_18_ila_cap_window_counter'
INFO: [VRFC 10-3107] analyzing entity 'u_ila_0_ila_v6_2_18_ila_trig_match'
INFO: [VRFC 10-3107] analyzing entity '\axi_block_design_axi_smc_1_sc_node_v1_0_18_top__parameterized10\'
INFO: [VRFC 10-3107] analyzing entity '\axi_block_design_axi_smc_1_sc_node_v1_0_18_top__parameterized11\'
INFO: [VRFC 10-3107] analyzing entity '\axi_block_design_axi_smc_1_sc_node_v1_0_18_top__parameterized12\'
INFO: [VRFC 10-3107] analyzing entity '\axi_block_design_axi_smc_1_sc_node_v1_0_18_top__parameterized13\'
INFO: [VRFC 10-3107] analyzing entity '\axi_block_design_axi_smc_1_sc_node_v1_0_18_top__parameterized9\'
INFO: [VRFC 10-3107] analyzing entity 'axi_block_design_axi_mem_intercon_imp_auto_pc_0_fifo_generator_v13_2_13_synth'
INFO: [VRFC 10-3107] analyzing entity 'axi_block_design_axi_mem_intercon_imp_auto_pc_1_fifo_generator_v13_2_13_synth'
INFO: [VRFC 10-3107] analyzing entity '\axi_block_design_axi_mem_intercon_imp_auto_pc_1_fifo_generator_v13_2_13_synth__xdcDup__1\'
INFO: [VRFC 10-3107] analyzing entity 'fifo_generator_v13_1_5'
INFO: [VRFC 10-3107] analyzing entity '\fifo_generator_v13_1_5__parameterized0\'
INFO: [VRFC 10-3107] analyzing entity 'axi_block_design_acc_image_filter_0_1'
INFO: [VRFC 10-3107] analyzing entity 'axi_block_design_axi_dma_0_1_axi_datamover_mm2s_full_wrap'
INFO: [VRFC 10-3107] analyzing entity 'axi_block_design_axi_dma_0_1_axi_datamover_s2mm_full_wrap'
INFO: [VRFC 10-3107] analyzing entity 'axi_block_design_axi_mem_intercon_imp_xbar_1'
INFO: [VRFC 10-3107] analyzing entity 'axi_block_design_axi_smc_1_bd_22c4_arni_0'
INFO: [VRFC 10-3107] analyzing entity 'axi_block_design_axi_smc_1_bd_22c4_awni_0'
INFO: [VRFC 10-3107] analyzing entity 'axi_block_design_axi_smc_1_bd_22c4_bni_0'
INFO: [VRFC 10-3107] analyzing entity 'axi_block_design_axi_smc_1_bd_22c4_rni_0'
INFO: [VRFC 10-3107] analyzing entity 'axi_block_design_axi_smc_1_bd_22c4_wni_0'
INFO: [VRFC 10-3107] analyzing entity 'axi_block_design_axi_timer_0_1'
INFO: [VRFC 10-3107] analyzing entity 'u_ila_0_blk_mem_gen_v8_4_11'
INFO: [VRFC 10-3107] analyzing entity 'u_ila_0_ila_v6_2_18_ila_cap_addrgen'
INFO: [VRFC 10-3107] analyzing entity 'u_ila_0_ila_v6_2_18_ila_trigger'
INFO: [VRFC 10-3107] analyzing entity 'axi_block_design_axi_mem_intercon_imp_auto_pc_0_fifo_generator_v13_2_13'
INFO: [VRFC 10-3107] analyzing entity 'axi_block_design_axi_mem_intercon_imp_auto_pc_1_fifo_generator_v13_2_13'
INFO: [VRFC 10-3107] analyzing entity '\axi_block_design_axi_mem_intercon_imp_auto_pc_1_fifo_generator_v13_2_13__xdcDup__1\'
INFO: [VRFC 10-3107] analyzing entity 'xsdbm_v3_0_4_rdfifo'
INFO: [VRFC 10-3107] analyzing entity 'xsdbm_v3_0_4_wrfifo'
INFO: [VRFC 10-3107] analyzing entity 'axi_block_design_axi_dma_0_1_axi_datamover'
INFO: [VRFC 10-3107] analyzing entity 'axi_block_design_axi_mem_intercon_imp_auto_pc_0_axi_data_fifo_v2_1_35_fifo_gen'
INFO: [VRFC 10-3107] analyzing entity 'axi_block_design_axi_mem_intercon_imp_auto_pc_1_axi_data_fifo_v2_1_35_fifo_gen'
INFO: [VRFC 10-3107] analyzing entity '\axi_block_design_axi_mem_intercon_imp_auto_pc_1_axi_data_fifo_v2_1_35_fifo_gen__xdcDup__1\'
INFO: [VRFC 10-3107] analyzing entity 'axi_block_design_axi_smc_1_i_nodes_imp_1X2QNWX'
INFO: [VRFC 10-3107] analyzing entity 'u_ila_0_ila_v6_2_18_ila_cap_ctrl_legacy'
INFO: [VRFC 10-3107] analyzing entity 'u_ila_0_ila_v6_2_18_ila_trace_memory'
INFO: [VRFC 10-3107] analyzing entity 'xsdbm_v3_0_4_rdreg'
INFO: [VRFC 10-3107] analyzing entity 'xsdbm_v3_0_4_wrreg'
INFO: [VRFC 10-3107] analyzing entity 'axi_block_design_axi_dma_0_1_axi_dma'
INFO: [VRFC 10-3107] analyzing entity 'axi_block_design_axi_mem_intercon_imp_auto_pc_0_axi_data_fifo_v2_1_35_axic_fifo'
INFO: [VRFC 10-3107] analyzing entity 'axi_block_design_axi_mem_intercon_imp_auto_pc_1_axi_data_fifo_v2_1_35_axic_fifo'
INFO: [VRFC 10-3107] analyzing entity '\axi_block_design_axi_mem_intercon_imp_auto_pc_1_axi_data_fifo_v2_1_35_axic_fifo__xdcDup__1\'
INFO: [VRFC 10-3107] analyzing entity 'axi_block_design_axi_smc_1_switchboards_imp_GVJS15'
INFO: [VRFC 10-3107] analyzing entity 'u_ila_0_ila_v6_2_18_ila_core'
INFO: [VRFC 10-3107] analyzing entity 'u_ila_0_ila_v6_2_18_ila'
INFO: [VRFC 10-3107] analyzing entity 'xsdbm_v3_0_4_if'
INFO: [VRFC 10-3107] analyzing entity 'axi_block_design_axi_dma_0_1'
INFO: [VRFC 10-3107] analyzing entity 'axi_block_design_axi_mem_intercon_imp_auto_pc_0_axi_protocol_converter_v2_1_36_a_axi3_conv'
INFO: [VRFC 10-3107] analyzing entity 'axi_block_design_axi_mem_intercon_imp_auto_pc_1_axi_protocol_converter_v2_1_36_a_axi3_conv'
INFO: [VRFC 10-3107] analyzing entity 'axi_block_design_axi_smc_1_bd_22c4'
INFO: [VRFC 10-3107] analyzing entity 'u_ila_0'
INFO: [VRFC 10-3107] analyzing entity 'xsdbm_v3_0_4_icon2xsdb'
INFO: [VRFC 10-3107] analyzing entity 'axi_block_design_axi_mem_intercon_imp_auto_pc_0_axi_protocol_converter_v2_1_36_axi3_conv'
INFO: [VRFC 10-3107] analyzing entity 'axi_block_design_axi_mem_intercon_imp_auto_pc_1_axi_protocol_converter_v2_1_36_axi3_conv'
INFO: [VRFC 10-3107] analyzing entity 'axi_block_design_axi_smc_1'
INFO: [VRFC 10-3107] analyzing entity 'xsdbm_v3_0_4_xsdbm_id'
INFO: [VRFC 10-3107] analyzing entity 'axi_block_design_axi_mem_intercon_imp_auto_pc_0_axi_protocol_converter_v2_1_36_axi_protocol_converter'
INFO: [VRFC 10-3107] analyzing entity 'axi_block_design_axi_mem_intercon_imp_auto_pc_1_axi_protocol_converter_v2_1_36_axi_protocol_converter'
INFO: [VRFC 10-3107] analyzing entity 'xsdbm_v3_0_4_xsdbm'
INFO: [VRFC 10-3107] analyzing entity 'axi_block_design_axi_mem_intercon_imp_auto_pc_0'
INFO: [VRFC 10-3107] analyzing entity 'axi_block_design_axi_mem_intercon_imp_auto_pc_1'
INFO: [VRFC 10-3107] analyzing entity 'dbg_hub'
INFO: [VRFC 10-3107] analyzing entity 's00_couplers_imp_1B3BLJV'
INFO: [VRFC 10-3107] analyzing entity 's01_couplers_imp_LTJYH8'
INFO: [VRFC 10-3107] analyzing entity 'axi_block_design_axi_mem_intercon_1'
INFO: [VRFC 10-3107] analyzing entity 'axi_block_design'
INFO: [VRFC 10-3107] analyzing entity 'axi_block_design_wrapper'
INFO: [VRFC 10-163] Analyzing VHDL file "E:/dvs_project_u16/dvs_bypass_pack/dvs_bypass_pack.srcs/sources_1/new/coeffs_pkg.vhd" into library xil_defaultlib
INFO: [VRFC 10-163] Analyzing VHDL file "E:/dvs_project_u16/dvs_bypass_pack/dvs_bypass_pack.srcs/sources_1/new/filter_config.vhd" into library xil_defaultlib
INFO: [VRFC 10-163] Analyzing VHDL file "E:/dvs_project_u16/dvs_bypass_pack/dvs_bypass_pack.srcs/sim_1/new/grayscale_filter.vhd" into library xil_defaultlib
INFO: [VRFC 10-3107] analyzing entity 'grayscale_filter'
ERROR: [VRFC 10-2987] 'acc_image_filter' is not compiled in library 'xil_defaultlib' [E:/dvs_project_u16/dvs_bypass_pack/dvs_bypass_pack.srcs/sim_1/new/grayscale_filter.vhd:98]
ERROR: [VRFC 10-9458] unit 'behavioral' is ignored due to previous errors [E:/dvs_project_u16/dvs_bypass_pack/dvs_bypass_pack.srcs/sim_1/new/grayscale_filter.vhd:12]
INFO: [VRFC 10-8704] VHDL file 'E:/dvs_project_u16/dvs_bypass_pack/dvs_bypass_pack.srcs/sim_1/new/grayscale_filter.vhd' is ignored due to errors
